Archive member included to satisfy reference by file (symbol)

c:/program files (x86)/atmel/studio/7.0/toolchain/avr8/avr8-gnu-toolchain/bin/../lib/gcc/avr/5.4.0/avr4\libgcc.a(_udivmodhi4.o)
                              Init1.o (__udivmodhi4)
c:/program files (x86)/atmel/studio/7.0/toolchain/avr8/avr8-gnu-toolchain/bin/../lib/gcc/avr/5.4.0/avr4\libgcc.a(_divmodhi4.o)
                              TMP75.o (__divmodhi4)
c:/program files (x86)/atmel/studio/7.0/toolchain/avr8/avr8-gnu-toolchain/bin/../lib/gcc/avr/5.4.0/avr4\libgcc.a(_exit.o)
                              C:/Program Files (x86)/Atmel/Studio/7.0/Packs/atmel/ATmega_DFP/1.6.364/gcc/dev/atmega88pa/avr4/crtatmega88pa.o (exit)
c:/program files (x86)/atmel/studio/7.0/toolchain/avr8/avr8-gnu-toolchain/bin/../lib/gcc/avr/5.4.0/avr4\libgcc.a(_copy_data.o)
                              Controller.o (__do_copy_data)
c:/program files (x86)/atmel/studio/7.0/toolchain/avr8/avr8-gnu-toolchain/bin/../lib/gcc/avr/5.4.0/avr4\libgcc.a(_clear_bss.o)
                              Keys.o (__do_clear_bss)

Allocating common symbols
Common symbol       size              file

ucPin               0x1               WS2812.o
ucRxDataBuffer      0xd               MCP2515_HHN.o
ucTWSR_Register     0x1               TWI_ATMEGA.o
ucS3_old            0x1               Keys.o
ucS4_old            0x1               Keys.o
ucS1_old            0x1               Keys.o
PtrLedNumber        0x2               WS2812.o
ucPort              0x1               WS2812.o
PtrColourList       0x2               WS2812.o
iTemperature        0x2               TMP75.o
ucDataBuffer        0xd               MCP2515_HHN.o
PtrPort             0x2               WS2812.o
ucS2_old            0x1               Keys.o

Discarded input sections

 .data          0x00000000        0x0 C:/Program Files (x86)/Atmel/Studio/7.0/Packs/atmel/ATmega_DFP/1.6.364/gcc/dev/atmega88pa/avr4/crtatmega88pa.o
 .bss           0x00000000        0x0 C:/Program Files (x86)/Atmel/Studio/7.0/Packs/atmel/ATmega_DFP/1.6.364/gcc/dev/atmega88pa/avr4/crtatmega88pa.o
 .text          0x00000000        0x0 Controller.o
 .data          0x00000000        0x0 Controller.o
 .bss           0x00000000        0x0 Controller.o
 .text          0x00000000        0x0 display_funktionen.o
 .data          0x00000000        0x0 display_funktionen.o
 .bss           0x00000000        0x0 display_funktionen.o
 .text.Display_ReturnHome
                0x00000000       0x24 display_funktionen.o
 .text.Display_CursorOrDisplayShift
                0x00000000       0x2a display_funktionen.o
 .text.Display_GenerateNewChar
                0x00000000       0x7e display_funktionen.o
 .text          0x00000000        0x0 Init1.o
 .data          0x00000000        0x0 Init1.o
 .bss           0x00000000        0x0 Init1.o
 .text.HexToAscii
                0x00000000       0x78 Init1.o
 .text          0x00000000        0x0 Keys.o
 .data          0x00000000        0x0 Keys.o
 .bss           0x00000000        0x0 Keys.o
 .text          0x00000000        0x0 LED.o
 .data          0x00000000        0x0 LED.o
 .bss           0x00000000        0x0 LED.o
 .text.LED_rd_on
                0x00000000       0x22 LED.o
 .text.LED_rd_off
                0x00000000       0x22 LED.o
 .text.LED_rd_toggle
                0x00000000       0x24 LED.o
 .text          0x00000000        0x0 main.o
 .data          0x00000000        0x0 main.o
 .bss           0x00000000        0x0 main.o
 .text          0x00000000        0x0 MCP2515_HHN.o
 .data          0x00000000        0x0 MCP2515_HHN.o
 .bss           0x00000000        0x0 MCP2515_HHN.o
 .data.ucFilterAddress
                0x00000000        0x6 MCP2515_HHN.o
 .data.ucMaskAddress
                0x00000000        0x2 MCP2515_HHN.o
 .text.MCP2515_Read_Reg
                0x00000000       0x9a MCP2515_HHN.o
 .text.MCP2515_OneShotMode
                0x00000000       0x52 MCP2515_HHN.o
 .text.MCP2515_Read_Status
                0x00000000       0x62 MCP2515_HHN.o
 .text.MCP2515_Load_TXBuffer
                0x00000000       0x94 MCP2515_HHN.o
 .text.MCP2515_Send_Message
                0x00000000      0x268 MCP2515_HHN.o
 .text.MCP2515_RequestToSend
                0x00000000       0x6e MCP2515_HHN.o
 .text.MCP2515_Set_Filter_Mask
                0x00000000      0x228 MCP2515_HHN.o
 .text.MCP2515_Build_Filter_Frame
                0x00000000       0xf6 MCP2515_HHN.o
 .text.MCP2515_Read_RxStatus
                0x00000000       0x62 MCP2515_HHN.o
 .text.MCP2515_Check_Message
                0x00000000      0x2a2 MCP2515_HHN.o
 .text.MCP2515_Read_RxBuffer
                0x00000000       0x9c MCP2515_HHN.o
 COMMON         0x00000000       0x1a MCP2515_HHN.o
 .text          0x00000000        0x0 Servo.o
 .data          0x00000000        0x0 Servo.o
 .bss           0x00000000        0x0 Servo.o
 .text          0x00000000        0x0 SPI.o
 .data          0x00000000        0x0 SPI.o
 .bss           0x00000000        0x0 SPI.o
 .text          0x00000000        0x0 Timer1.o
 .data          0x00000000        0x0 Timer1.o
 .bss           0x00000000        0x0 Timer1.o
 .text.Timer1_get_1sState
                0x00000000       0x20 Timer1.o
 .text          0x00000000        0x0 Timer2.o
 .data          0x00000000        0x0 Timer2.o
 .bss           0x00000000        0x0 Timer2.o
 .text.Check10msFlag
                0x00000000       0x20 Timer2.o
 .text.Check100msFlag
                0x00000000       0x20 Timer2.o
 .text.Check1sFlag
                0x00000000       0x20 Timer2.o
 .text.InitTimer2CTC
                0x00000000       0x40 Timer2.o
 .text          0x00000000        0x0 TMP75.o
 .data          0x00000000        0x0 TMP75.o
 .bss           0x00000000        0x0 TMP75.o
 .text          0x00000000        0x0 TWI_ATMEGA.o
 .data          0x00000000        0x0 TWI_ATMEGA.o
 .bss           0x00000000        0x0 TWI_ATMEGA.o
 .bss.ucTWI_ErrorFlag
                0x00000000        0x1 TWI_ATMEGA.o
 .text.TWI_INT_Enable
                0x00000000       0x22 TWI_ATMEGA.o
 .text.TWI_INT_Disable
                0x00000000       0x22 TWI_ATMEGA.o
 .text.TWI_INT_Master_Transmit
                0x00000000       0x2a TWI_ATMEGA.o
 .text.TWI_Get_State
                0x00000000       0x20 TWI_ATMEGA.o
 .text.TWI_Get_TWSRRegister
                0x00000000       0x12 TWI_ATMEGA.o
 .text.TWI_Set_ErrorFlag
                0x00000000       0x16 TWI_ATMEGA.o
 .text          0x00000000        0x0 WS2812.o
 .data          0x00000000        0x0 WS2812.o
 .bss           0x00000000        0x0 WS2812.o
 .text.WS2812_set_off
                0x00000000       0x44 WS2812.o
 .text          0x00000000        0x0 c:/program files (x86)/atmel/studio/7.0/toolchain/avr8/avr8-gnu-toolchain/bin/../lib/gcc/avr/5.4.0/avr4\libgcc.a(_udivmodhi4.o)
 .data          0x00000000        0x0 c:/program files (x86)/atmel/studio/7.0/toolchain/avr8/avr8-gnu-toolchain/bin/../lib/gcc/avr/5.4.0/avr4\libgcc.a(_udivmodhi4.o)
 .bss           0x00000000        0x0 c:/program files (x86)/atmel/studio/7.0/toolchain/avr8/avr8-gnu-toolchain/bin/../lib/gcc/avr/5.4.0/avr4\libgcc.a(_udivmodhi4.o)
 .text.libgcc.mul
                0x00000000        0x0 c:/program files (x86)/atmel/studio/7.0/toolchain/avr8/avr8-gnu-toolchain/bin/../lib/gcc/avr/5.4.0/avr4\libgcc.a(_udivmodhi4.o)
 .text.libgcc   0x00000000        0x0 c:/program files (x86)/atmel/studio/7.0/toolchain/avr8/avr8-gnu-toolchain/bin/../lib/gcc/avr/5.4.0/avr4\libgcc.a(_udivmodhi4.o)
 .text.libgcc.prologue
                0x00000000        0x0 c:/program files (x86)/atmel/studio/7.0/toolchain/avr8/avr8-gnu-toolchain/bin/../lib/gcc/avr/5.4.0/avr4\libgcc.a(_udivmodhi4.o)
 .text.libgcc.builtins
                0x00000000        0x0 c:/program files (x86)/atmel/studio/7.0/toolchain/avr8/avr8-gnu-toolchain/bin/../lib/gcc/avr/5.4.0/avr4\libgcc.a(_udivmodhi4.o)
 .text.libgcc.fmul
                0x00000000        0x0 c:/program files (x86)/atmel/studio/7.0/toolchain/avr8/avr8-gnu-toolchain/bin/../lib/gcc/avr/5.4.0/avr4\libgcc.a(_udivmodhi4.o)
 .text.libgcc.fixed
                0x00000000        0x0 c:/program files (x86)/atmel/studio/7.0/toolchain/avr8/avr8-gnu-toolchain/bin/../lib/gcc/avr/5.4.0/avr4\libgcc.a(_udivmodhi4.o)
 .text          0x00000000        0x0 c:/program files (x86)/atmel/studio/7.0/toolchain/avr8/avr8-gnu-toolchain/bin/../lib/gcc/avr/5.4.0/avr4\libgcc.a(_divmodhi4.o)
 .data          0x00000000        0x0 c:/program files (x86)/atmel/studio/7.0/toolchain/avr8/avr8-gnu-toolchain/bin/../lib/gcc/avr/5.4.0/avr4\libgcc.a(_divmodhi4.o)
 .bss           0x00000000        0x0 c:/program files (x86)/atmel/studio/7.0/toolchain/avr8/avr8-gnu-toolchain/bin/../lib/gcc/avr/5.4.0/avr4\libgcc.a(_divmodhi4.o)
 .text.libgcc.mul
                0x00000000        0x0 c:/program files (x86)/atmel/studio/7.0/toolchain/avr8/avr8-gnu-toolchain/bin/../lib/gcc/avr/5.4.0/avr4\libgcc.a(_divmodhi4.o)
 .text.libgcc   0x00000000        0x0 c:/program files (x86)/atmel/studio/7.0/toolchain/avr8/avr8-gnu-toolchain/bin/../lib/gcc/avr/5.4.0/avr4\libgcc.a(_divmodhi4.o)
 .text.libgcc.prologue
                0x00000000        0x0 c:/program files (x86)/atmel/studio/7.0/toolchain/avr8/avr8-gnu-toolchain/bin/../lib/gcc/avr/5.4.0/avr4\libgcc.a(_divmodhi4.o)
 .text.libgcc.builtins
                0x00000000        0x0 c:/program files (x86)/atmel/studio/7.0/toolchain/avr8/avr8-gnu-toolchain/bin/../lib/gcc/avr/5.4.0/avr4\libgcc.a(_divmodhi4.o)
 .text.libgcc.fmul
                0x00000000        0x0 c:/program files (x86)/atmel/studio/7.0/toolchain/avr8/avr8-gnu-toolchain/bin/../lib/gcc/avr/5.4.0/avr4\libgcc.a(_divmodhi4.o)
 .text.libgcc.fixed
                0x00000000        0x0 c:/program files (x86)/atmel/studio/7.0/toolchain/avr8/avr8-gnu-toolchain/bin/../lib/gcc/avr/5.4.0/avr4\libgcc.a(_divmodhi4.o)
 .text          0x00000000        0x0 c:/program files (x86)/atmel/studio/7.0/toolchain/avr8/avr8-gnu-toolchain/bin/../lib/gcc/avr/5.4.0/avr4\libgcc.a(_exit.o)
 .data          0x00000000        0x0 c:/program files (x86)/atmel/studio/7.0/toolchain/avr8/avr8-gnu-toolchain/bin/../lib/gcc/avr/5.4.0/avr4\libgcc.a(_exit.o)
 .bss           0x00000000        0x0 c:/program files (x86)/atmel/studio/7.0/toolchain/avr8/avr8-gnu-toolchain/bin/../lib/gcc/avr/5.4.0/avr4\libgcc.a(_exit.o)
 .text.libgcc.mul
                0x00000000        0x0 c:/program files (x86)/atmel/studio/7.0/toolchain/avr8/avr8-gnu-toolchain/bin/../lib/gcc/avr/5.4.0/avr4\libgcc.a(_exit.o)
 .text.libgcc.div
                0x00000000        0x0 c:/program files (x86)/atmel/studio/7.0/toolchain/avr8/avr8-gnu-toolchain/bin/../lib/gcc/avr/5.4.0/avr4\libgcc.a(_exit.o)
 .text.libgcc   0x00000000        0x0 c:/program files (x86)/atmel/studio/7.0/toolchain/avr8/avr8-gnu-toolchain/bin/../lib/gcc/avr/5.4.0/avr4\libgcc.a(_exit.o)
 .text.libgcc.prologue
                0x00000000        0x0 c:/program files (x86)/atmel/studio/7.0/toolchain/avr8/avr8-gnu-toolchain/bin/../lib/gcc/avr/5.4.0/avr4\libgcc.a(_exit.o)
 .text.libgcc.builtins
                0x00000000        0x0 c:/program files (x86)/atmel/studio/7.0/toolchain/avr8/avr8-gnu-toolchain/bin/../lib/gcc/avr/5.4.0/avr4\libgcc.a(_exit.o)
 .text.libgcc.fmul
                0x00000000        0x0 c:/program files (x86)/atmel/studio/7.0/toolchain/avr8/avr8-gnu-toolchain/bin/../lib/gcc/avr/5.4.0/avr4\libgcc.a(_exit.o)
 .text.libgcc.fixed
                0x00000000        0x0 c:/program files (x86)/atmel/studio/7.0/toolchain/avr8/avr8-gnu-toolchain/bin/../lib/gcc/avr/5.4.0/avr4\libgcc.a(_exit.o)
 .text          0x00000000        0x0 c:/program files (x86)/atmel/studio/7.0/toolchain/avr8/avr8-gnu-toolchain/bin/../lib/gcc/avr/5.4.0/avr4\libgcc.a(_copy_data.o)
 .data          0x00000000        0x0 c:/program files (x86)/atmel/studio/7.0/toolchain/avr8/avr8-gnu-toolchain/bin/../lib/gcc/avr/5.4.0/avr4\libgcc.a(_copy_data.o)
 .bss           0x00000000        0x0 c:/program files (x86)/atmel/studio/7.0/toolchain/avr8/avr8-gnu-toolchain/bin/../lib/gcc/avr/5.4.0/avr4\libgcc.a(_copy_data.o)
 .text.libgcc.mul
                0x00000000        0x0 c:/program files (x86)/atmel/studio/7.0/toolchain/avr8/avr8-gnu-toolchain/bin/../lib/gcc/avr/5.4.0/avr4\libgcc.a(_copy_data.o)
 .text.libgcc.div
                0x00000000        0x0 c:/program files (x86)/atmel/studio/7.0/toolchain/avr8/avr8-gnu-toolchain/bin/../lib/gcc/avr/5.4.0/avr4\libgcc.a(_copy_data.o)
 .text.libgcc   0x00000000        0x0 c:/program files (x86)/atmel/studio/7.0/toolchain/avr8/avr8-gnu-toolchain/bin/../lib/gcc/avr/5.4.0/avr4\libgcc.a(_copy_data.o)
 .text.libgcc.prologue
                0x00000000        0x0 c:/program files (x86)/atmel/studio/7.0/toolchain/avr8/avr8-gnu-toolchain/bin/../lib/gcc/avr/5.4.0/avr4\libgcc.a(_copy_data.o)
 .text.libgcc.builtins
                0x00000000        0x0 c:/program files (x86)/atmel/studio/7.0/toolchain/avr8/avr8-gnu-toolchain/bin/../lib/gcc/avr/5.4.0/avr4\libgcc.a(_copy_data.o)
 .text.libgcc.fmul
                0x00000000        0x0 c:/program files (x86)/atmel/studio/7.0/toolchain/avr8/avr8-gnu-toolchain/bin/../lib/gcc/avr/5.4.0/avr4\libgcc.a(_copy_data.o)
 .text.libgcc.fixed
                0x00000000        0x0 c:/program files (x86)/atmel/studio/7.0/toolchain/avr8/avr8-gnu-toolchain/bin/../lib/gcc/avr/5.4.0/avr4\libgcc.a(_copy_data.o)
 .text          0x00000000        0x0 c:/program files (x86)/atmel/studio/7.0/toolchain/avr8/avr8-gnu-toolchain/bin/../lib/gcc/avr/5.4.0/avr4\libgcc.a(_clear_bss.o)
 .data          0x00000000        0x0 c:/program files (x86)/atmel/studio/7.0/toolchain/avr8/avr8-gnu-toolchain/bin/../lib/gcc/avr/5.4.0/avr4\libgcc.a(_clear_bss.o)
 .bss           0x00000000        0x0 c:/program files (x86)/atmel/studio/7.0/toolchain/avr8/avr8-gnu-toolchain/bin/../lib/gcc/avr/5.4.0/avr4\libgcc.a(_clear_bss.o)
 .text.libgcc.mul
                0x00000000        0x0 c:/program files (x86)/atmel/studio/7.0/toolchain/avr8/avr8-gnu-toolchain/bin/../lib/gcc/avr/5.4.0/avr4\libgcc.a(_clear_bss.o)
 .text.libgcc.div
                0x00000000        0x0 c:/program files (x86)/atmel/studio/7.0/toolchain/avr8/avr8-gnu-toolchain/bin/../lib/gcc/avr/5.4.0/avr4\libgcc.a(_clear_bss.o)
 .text.libgcc   0x00000000        0x0 c:/program files (x86)/atmel/studio/7.0/toolchain/avr8/avr8-gnu-toolchain/bin/../lib/gcc/avr/5.4.0/avr4\libgcc.a(_clear_bss.o)
 .text.libgcc.prologue
                0x00000000        0x0 c:/program files (x86)/atmel/studio/7.0/toolchain/avr8/avr8-gnu-toolchain/bin/../lib/gcc/avr/5.4.0/avr4\libgcc.a(_clear_bss.o)
 .text.libgcc.builtins
                0x00000000        0x0 c:/program files (x86)/atmel/studio/7.0/toolchain/avr8/avr8-gnu-toolchain/bin/../lib/gcc/avr/5.4.0/avr4\libgcc.a(_clear_bss.o)
 .text.libgcc.fmul
                0x00000000        0x0 c:/program files (x86)/atmel/studio/7.0/toolchain/avr8/avr8-gnu-toolchain/bin/../lib/gcc/avr/5.4.0/avr4\libgcc.a(_clear_bss.o)
 .text.libgcc.fixed
                0x00000000        0x0 c:/program files (x86)/atmel/studio/7.0/toolchain/avr8/avr8-gnu-toolchain/bin/../lib/gcc/avr/5.4.0/avr4\libgcc.a(_clear_bss.o)

Memory Configuration

Name             Origin             Length             Attributes
text             0x00000000         0x00002000         xr
data             0x00800100         0x00000400         rw !x
eeprom           0x00810000         0x00000200         rw !x
fuse             0x00820000         0x00000003         rw !x
lock             0x00830000         0x00000400         rw !x
signature        0x00840000         0x00000400         rw !x
user_signatures  0x00850000         0x00000400         rw !x
*default*        0x00000000         0xffffffff

Linker script and memory map

Address of section .data set to 0x800100
LOAD C:/Program Files (x86)/Atmel/Studio/7.0/Packs/atmel/ATmega_DFP/1.6.364/gcc/dev/atmega88pa/avr4/crtatmega88pa.o
LOAD Controller.o
LOAD display_funktionen.o
LOAD Init1.o
LOAD Keys.o
LOAD LED.o
LOAD main.o
LOAD MCP2515_HHN.o
LOAD Servo.o
LOAD SPI.o
LOAD Timer1.o
LOAD Timer2.o
LOAD TMP75.o
LOAD TWI_ATMEGA.o
LOAD WS2812.o
START GROUP
LOAD c:/program files (x86)/atmel/studio/7.0/toolchain/avr8/avr8-gnu-toolchain/bin/../lib/gcc/avr/5.4.0/../../../../avr/lib/avr4\libm.a
END GROUP
START GROUP
LOAD c:/program files (x86)/atmel/studio/7.0/toolchain/avr8/avr8-gnu-toolchain/bin/../lib/gcc/avr/5.4.0/avr4\libgcc.a
LOAD c:/program files (x86)/atmel/studio/7.0/toolchain/avr8/avr8-gnu-toolchain/bin/../lib/gcc/avr/5.4.0/../../../../avr/lib/avr4\libm.a
LOAD c:/program files (x86)/atmel/studio/7.0/toolchain/avr8/avr8-gnu-toolchain/bin/../lib/gcc/avr/5.4.0/../../../../avr/lib/avr4\libc.a
LOAD C:/Program Files (x86)/Atmel/Studio/7.0/Packs/atmel/ATmega_DFP/1.6.364/gcc/dev/atmega88pa/avr4\libatmega88pa.a
END GROUP
                0x00000000                __TEXT_REGION_ORIGIN__ = DEFINED (__TEXT_REGION_ORIGIN__)?__TEXT_REGION_ORIGIN__:0x0
                [0x00800100]                __DATA_REGION_ORIGIN__ = DEFINED (__DATA_REGION_ORIGIN__)?__DATA_REGION_ORIGIN__:0x800060
                [0x00002000]                __TEXT_REGION_LENGTH__ = DEFINED (__TEXT_REGION_LENGTH__)?__TEXT_REGION_LENGTH__:0x2000
                [0x00000400]                __DATA_REGION_LENGTH__ = DEFINED (__DATA_REGION_LENGTH__)?__DATA_REGION_LENGTH__:0xffa0
                [0x00000200]                __EEPROM_REGION_LENGTH__ = DEFINED (__EEPROM_REGION_LENGTH__)?__EEPROM_REGION_LENGTH__:0x10000
                [0x00000003]                __FUSE_REGION_LENGTH__ = DEFINED (__FUSE_REGION_LENGTH__)?__FUSE_REGION_LENGTH__:0x400
                0x00000400                __LOCK_REGION_LENGTH__ = DEFINED (__LOCK_REGION_LENGTH__)?__LOCK_REGION_LENGTH__:0x400
                0x00000400                __SIGNATURE_REGION_LENGTH__ = DEFINED (__SIGNATURE_REGION_LENGTH__)?__SIGNATURE_REGION_LENGTH__:0x400
                0x00000400                __USER_SIGNATURE_REGION_LENGTH__ = DEFINED (__USER_SIGNATURE_REGION_LENGTH__)?__USER_SIGNATURE_REGION_LENGTH__:0x400

.hash
 *(.hash)

.dynsym
 *(.dynsym)

.dynstr
 *(.dynstr)

.gnu.version
 *(.gnu.version)

.gnu.version_d
 *(.gnu.version_d)

.gnu.version_r
 *(.gnu.version_r)

.rel.init
 *(.rel.init)

.rela.init
 *(.rela.init)

.rel.text
 *(.rel.text)
 *(.rel.text.*)
 *(.rel.gnu.linkonce.t*)

.rela.text
 *(.rela.text)
 *(.rela.text.*)
 *(.rela.gnu.linkonce.t*)

.rel.fini
 *(.rel.fini)

.rela.fini
 *(.rela.fini)

.rel.rodata
 *(.rel.rodata)
 *(.rel.rodata.*)
 *(.rel.gnu.linkonce.r*)

.rela.rodata
 *(.rela.rodata)
 *(.rela.rodata.*)
 *(.rela.gnu.linkonce.r*)

.rel.data
 *(.rel.data)
 *(.rel.data.*)
 *(.rel.gnu.linkonce.d*)

.rela.data
 *(.rela.data)
 *(.rela.data.*)
 *(.rela.gnu.linkonce.d*)

.rel.ctors
 *(.rel.ctors)

.rela.ctors
 *(.rela.ctors)

.rel.dtors
 *(.rel.dtors)

.rela.dtors
 *(.rela.dtors)

.rel.got
 *(.rel.got)

.rela.got
 *(.rela.got)

.rel.bss
 *(.rel.bss)

.rela.bss
 *(.rela.bss)

.rel.plt
 *(.rel.plt)

.rela.plt
 *(.rela.plt)

.text           0x00000000     0x147c
 *(.vectors)
 .vectors       0x00000000       0x34 C:/Program Files (x86)/Atmel/Studio/7.0/Packs/atmel/ATmega_DFP/1.6.364/gcc/dev/atmega88pa/avr4/crtatmega88pa.o
                0x00000000                __vector_default
                0x00000000                __vectors
 *(.vectors)
 *(.progmem.gcc*)
                0x00000034                . = ALIGN (0x2)
                0x00000034                __trampolines_start = .
 *(.trampolines)
 .trampolines   0x00000034        0x0 linker stubs
 *(.trampolines*)
                0x00000034                __trampolines_end = .
 *libprintf_flt.a:*(.progmem.data)
 *libc.a:*(.progmem.data)
 *(.progmem*)
                0x00000034                . = ALIGN (0x2)
 *(.jumptables)
 *(.jumptables*)
 *(.lowtext)
 *(.lowtext*)
                0x00000034                __ctors_start = .
 *(.ctors)
                0x00000034                __ctors_end = .
                0x00000034                __dtors_start = .
 *(.dtors)
                0x00000034                __dtors_end = .
 SORT(*)(.ctors)
 SORT(*)(.dtors)
 *(.init0)
 .init0         0x00000034        0x0 C:/Program Files (x86)/Atmel/Studio/7.0/Packs/atmel/ATmega_DFP/1.6.364/gcc/dev/atmega88pa/avr4/crtatmega88pa.o
                0x00000034                __init
 *(.init0)
 *(.init1)
 *(.init1)
 *(.init2)
 .init2         0x00000034        0xc C:/Program Files (x86)/Atmel/Studio/7.0/Packs/atmel/ATmega_DFP/1.6.364/gcc/dev/atmega88pa/avr4/crtatmega88pa.o
 *(.init2)
 *(.init3)
 *(.init3)
 *(.init4)
 .init4         0x00000040       0x16 c:/program files (x86)/atmel/studio/7.0/toolchain/avr8/avr8-gnu-toolchain/bin/../lib/gcc/avr/5.4.0/avr4\libgcc.a(_copy_data.o)
                0x00000040                __do_copy_data
 .init4         0x00000056       0x10 c:/program files (x86)/atmel/studio/7.0/toolchain/avr8/avr8-gnu-toolchain/bin/../lib/gcc/avr/5.4.0/avr4\libgcc.a(_clear_bss.o)
                0x00000056                __do_clear_bss
 *(.init4)
 *(.init5)
 *(.init5)
 *(.init6)
 *(.init6)
 *(.init7)
 *(.init7)
 *(.init8)
 *(.init8)
 *(.init9)
 .init9         0x00000066        0x4 C:/Program Files (x86)/Atmel/Studio/7.0/Packs/atmel/ATmega_DFP/1.6.364/gcc/dev/atmega88pa/avr4/crtatmega88pa.o
 *(.init9)
 *(.text)
 .text          0x0000006a        0x2 C:/Program Files (x86)/Atmel/Studio/7.0/Packs/atmel/ATmega_DFP/1.6.364/gcc/dev/atmega88pa/avr4/crtatmega88pa.o
                0x0000006a                __vector_22
                0x0000006a                __vector_1
                0x0000006a                __vector_12
                0x0000006a                __bad_interrupt
                0x0000006a                __vector_6
                0x0000006a                __vector_3
                0x0000006a                __vector_23
                0x0000006a                __vector_25
                0x0000006a                __vector_13
                0x0000006a                __vector_17
                0x0000006a                __vector_19
                0x0000006a                __vector_5
                0x0000006a                __vector_4
                0x0000006a                __vector_9
                0x0000006a                __vector_2
                0x0000006a                __vector_21
                0x0000006a                __vector_15
                0x0000006a                __vector_8
                0x0000006a                __vector_14
                0x0000006a                __vector_10
                0x0000006a                __vector_16
                0x0000006a                __vector_18
                0x0000006a                __vector_20
                0x0000006c                . = ALIGN (0x2)
 *(.text.*)
 .text.TempController
                0x0000006c       0xde Controller.o
                0x0000006c                TempController
 .text.Display_HardwareInit
                0x0000014a       0x16 display_funktionen.o
                0x0000014a                Display_HardwareInit
 .text.Display_delay
                0x00000160       0x7a display_funktionen.o
                0x00000160                Display_delay
 .text.Display_Aus
                0x000001da       0x34 display_funktionen.o
                0x000001da                Display_Aus
 .text.Display_An
                0x0000020e       0x22 display_funktionen.o
                0x0000020e                Display_An
 .text.Display_RS_Output
                0x00000230       0x22 display_funktionen.o
                0x00000230                Display_RS_Output
 .text.Display_RS_High
                0x00000252       0x22 display_funktionen.o
                0x00000252                Display_RS_High
 .text.Display_RS_Low
                0x00000274       0x22 display_funktionen.o
                0x00000274                Display_RS_Low
 .text.Display_EN_Output
                0x00000296       0x22 display_funktionen.o
                0x00000296                Display_EN_Output
 .text.Display_EN_High
                0x000002b8       0x22 display_funktionen.o
                0x000002b8                Display_EN_High
 .text.Display_EN_Low
                0x000002da       0x22 display_funktionen.o
                0x000002da                Display_EN_Low
 .text.Display_DATA_Output
                0x000002fc       0x22 display_funktionen.o
                0x000002fc                Display_DATA_Output
 .text.Display_DATA_BitHigh
                0x0000031e       0x3e display_funktionen.o
                0x0000031e                Display_DATA_BitHigh
 .text.Display_DATA_BitLow
                0x0000035c       0x40 display_funktionen.o
                0x0000035c                Display_DATA_BitLow
 .text.Display_Clear
                0x0000039c       0x24 display_funktionen.o
                0x0000039c                Display_Clear
 .text.Display_ModeEntry
                0x000003c0       0x2a display_funktionen.o
                0x000003c0                Display_ModeEntry
 .text.Display_Control
                0x000003ea       0x2a display_funktionen.o
                0x000003ea                Display_Control
 .text.Display_SetMPUInterface
                0x00000414       0x7c display_funktionen.o
                0x00000414                Display_SetMPUInterface
 .text.Display_SetCursor
                0x00000490       0x4e display_funktionen.o
                0x00000490                Display_SetCursor
 .text.Display_Transfer4BitData
                0x000004de       0x70 display_funktionen.o
                0x000004de                Display_Transfer4BitData
 .text.Display_Init
                0x0000054e       0x36 display_funktionen.o
                0x0000054e                Display_Init
 .text.Display_Write
                0x00000584       0x2a display_funktionen.o
                0x00000584                Display_Write
 .text.Display_Print
                0x000005ae       0x50 display_funktionen.o
                0x000005ae                Display_Print
 .text.GerneralInit
                0x000005fe       0x7e Init1.o
                0x000005fe                GerneralInit
 .text.keys_Init
                0x0000067c       0x22 Keys.o
                0x0000067c                keys_Init
 .text.keys_get_state
                0x0000069e       0xa4 Keys.o
                0x0000069e                keys_get_state
 .text.LED_Init
                0x00000742       0x22 LED.o
                0x00000742                LED_Init
 .text.main     0x00000764       0xa4 main.o
                0x00000764                main
 .text.MCP2515_Init
                0x00000808       0x8e MCP2515_HHN.o
                0x00000808                MCP2515_Init
 .text.MCP2515_Write_Reg
                0x00000896       0x92 MCP2515_HHN.o
                0x00000896                MCP2515_Write_Reg
 .text.MCP2515_Change_Reg
                0x00000928       0x6e MCP2515_HHN.o
                0x00000928                MCP2515_Change_Reg
 .text.MCP2515_Set_OpMode
                0x00000996       0x52 MCP2515_HHN.o
                0x00000996                MCP2515_Set_OpMode
 .text.MCP2515_Change_ClkOut
                0x000009e8       0x52 MCP2515_HHN.o
                0x000009e8                MCP2515_Change_ClkOut
 .text.MCP2515_Set_Baudrate
                0x00000a3a       0x6a MCP2515_HHN.o
                0x00000a3a                MCP2515_Set_Baudrate
 .text.Servo_Init
                0x00000aa4       0x42 Servo.o
                0x00000aa4                Servo_Init
 .text.Servo_Set_Position
                0x00000ae6       0x2c Servo.o
                0x00000ae6                Servo_Set_Position
 .text.SPI_Master_Init
                0x00000b12       0x92 SPI.o
                0x00000b12                SPI_Master_Init
 .text.SPI_Master_SlaveSelectInit
                0x00000ba4       0x7e SPI.o
                0x00000ba4                SPI_Master_SlaveSelectInit
 .text.SPI_Master_Start
                0x00000c22       0x58 SPI.o
                0x00000c22                SPI_Master_Start
 .text.SPI_Master_Stop
                0x00000c7a       0x56 SPI.o
                0x00000c7a                SPI_Master_Stop
 .text.SPI_Master_Write
                0x00000cd0       0x34 SPI.o
                0x00000cd0                SPI_Master_Write
 .text.Timer1_Init
                0x00000d04       0x52 Timer1.o
                0x00000d04                Timer1_Init
 .text.__vector_11
                0x00000d56       0x68 Timer1.o
                0x00000d56                __vector_11
 .text.Timer1_get_10msState
                0x00000dbe       0x20 Timer1.o
                0x00000dbe                Timer1_get_10msState
 .text.Timer1_get_100msState
                0x00000dde       0x20 Timer1.o
                0x00000dde                Timer1_get_100msState
 .text.__vector_7
                0x00000dfe       0x68 Timer2.o
                0x00000dfe                __vector_7
 .text.TMP75_Read_Temperature
                0x00000e66      0x118 TMP75.o
                0x00000e66                TMP75_Read_Temperature
 .text.TMP75_Get_Temperature
                0x00000f7e       0x7c TMP75.o
                0x00000f7e                TMP75_Get_Temperature
 .text.Display_Output
                0x00000ffa      0x15c TMP75.o
                0x00000ffa                Display_Output
 .text.TWI_Master_Init
                0x00001156       0x2a TWI_ATMEGA.o
                0x00001156                TWI_Master_Init
 .text.TWI_Master_Start
                0x00001180       0x28 TWI_ATMEGA.o
                0x00001180                TWI_Master_Start
 .text.TWI_Master_Stop
                0x000011a8       0x1a TWI_ATMEGA.o
                0x000011a8                TWI_Master_Stop
 .text.TWI_Master_Transmit
                0x000011c2       0x38 TWI_ATMEGA.o
                0x000011c2                TWI_Master_Transmit
 .text.TWI_Master_Read_Ack
                0x000011fa       0x2e TWI_ATMEGA.o
                0x000011fa                TWI_Master_Read_Ack
 .text.TWI_Master_Read_NAck
                0x00001228       0x2e TWI_ATMEGA.o
                0x00001228                TWI_Master_Read_NAck
 .text.__vector_24
                0x00001256       0x64 TWI_ATMEGA.o
                0x00001256                __vector_24
 .text.WS2812_Init
                0x000012ba       0x42 WS2812.o
                0x000012ba                WS2812_Init
 .text.WS2812_Set_Colour
                0x000012fc      0x12e WS2812.o
                0x000012fc                WS2812_Set_Colour
 .text.libgcc.div
                0x0000142a       0x28 c:/program files (x86)/atmel/studio/7.0/toolchain/avr8/avr8-gnu-toolchain/bin/../lib/gcc/avr/5.4.0/avr4\libgcc.a(_udivmodhi4.o)
                0x0000142a                __udivmodhi4
 .text.libgcc.div
                0x00001452       0x26 c:/program files (x86)/atmel/studio/7.0/toolchain/avr8/avr8-gnu-toolchain/bin/../lib/gcc/avr/5.4.0/avr4\libgcc.a(_divmodhi4.o)
                0x00001452                _div
                0x00001452                __divmodhi4
                0x00001478                . = ALIGN (0x2)
 *(.fini9)
 .fini9         0x00001478        0x0 c:/program files (x86)/atmel/studio/7.0/toolchain/avr8/avr8-gnu-toolchain/bin/../lib/gcc/avr/5.4.0/avr4\libgcc.a(_exit.o)
                0x00001478                _exit
                0x00001478                exit
 *(.fini9)
 *(.fini8)
 *(.fini8)
 *(.fini7)
 *(.fini7)
 *(.fini6)
 *(.fini6)
 *(.fini5)
 *(.fini5)
 *(.fini4)
 *(.fini4)
 *(.fini3)
 *(.fini3)
 *(.fini2)
 *(.fini2)
 *(.fini1)
 *(.fini1)
 *(.fini0)
 .fini0         0x00001478        0x4 c:/program files (x86)/atmel/studio/7.0/toolchain/avr8/avr8-gnu-toolchain/bin/../lib/gcc/avr/5.4.0/avr4\libgcc.a(_exit.o)
 *(.fini0)
                0x0000147c                _etext = .

.data           0x00800100       0x6c load address 0x0000147c
                0x00800100                PROVIDE (__data_start, .)
 *(.data)
 *(.data*)
 .data.uGreen   0x00800100        0x3 Controller.o
                0x00800100                uGreen
 .data.uBrightGreen
                0x00800103        0x3 Controller.o
                0x00800103                uBrightGreen
 .data.uYellow  0x00800106        0x3 Controller.o
                0x00800106                uYellow
 .data.uOrange  0x00800109        0x3 Controller.o
                0x00800109                uOrange
 .data.uMagenta
                0x0080010c        0x3 Controller.o
                0x0080010c                uMagenta
 .data.uRed     0x0080010f        0x3 Controller.o
                0x0080010f                uRed
 .data.ucDataBit
                0x00800112        0x8 display_funktionen.o
                0x00800112                ucDataBit
 .data.ucRAM_OffsetAdresse
                0x0080011a        0x4 display_funktionen.o
                0x0080011a                ucRAM_OffsetAdresse
 .data.ucS1_new
                0x0080011e        0x1 Keys.o
                0x0080011e                ucS1_new
 .data.ucS2_new
                0x0080011f        0x1 Keys.o
                0x0080011f                ucS2_new
 .data.ucS3_new
                0x00800120        0x1 Keys.o
                0x00800120                ucS3_new
 .data.ucS4_new
                0x00800121        0x1 Keys.o
                0x00800121                ucS4_new
 .data.WS2812_1
                0x00800122        0x5 main.o
                0x00800122                WS2812_1
 .data.MCP2515_1
                0x00800127        0x6 main.o
                0x00800127                MCP2515_1
 .data.ucBaudrate
                0x0080012d       0x18 MCP2515_HHN.o
                0x0080012d                ucBaudrate
 .data.ucServoPosition
                0x00800145        0x6 Servo.o
                0x00800145                ucServoPosition
 .data.ucdevice_address
                0x0080014b        0x1 TMP75.o
                0x0080014b                ucdevice_address
 *(.gnu.linkonce.d*)
 *(.rodata)
 .rodata        0x0080014c       0x20 TMP75.o
 *(.rodata*)
 *(.gnu.linkonce.r*)
                0x0080016c                . = ALIGN (0x2)
                0x0080016c                _edata = .
                0x0080016c                PROVIDE (__data_end, .)

.bss            0x0080016c       0x1b
                0x0080016c                PROVIDE (__bss_start, .)
 *(.bss)
 *(.bss*)
 .bss.ucFlag10ms
                0x0080016c        0x1 Timer1.o
                0x0080016c                ucFlag10ms
 .bss.ucCNt_1s  0x0080016d        0x1 Timer1.o
                0x0080016d                ucCNt_1s
 .bss.ucFlag_1s
                0x0080016e        0x1 Timer1.o
                0x0080016e                ucFlag_1s
 .bss.ucCNt_100ms
                0x0080016f        0x1 Timer1.o
                0x0080016f                ucCNt_100ms
 .bss.ucFlag_100ms
                0x00800170        0x1 Timer1.o
                0x00800170                ucFlag_100ms
 .bss.uc10MsFlag
                0x00800171        0x1 Timer2.o
                0x00800171                uc10MsFlag
 .bss.uc100MsFlag
                0x00800172        0x1 Timer2.o
                0x00800172                uc100MsFlag
 .bss.uc10MsCnt
                0x00800173        0x1 Timer2.o
                0x00800173                uc10MsCnt
 .bss.uc100MsCnt
                0x00800174        0x1 Timer2.o
                0x00800174                uc100MsCnt
 .bss.uc1sFlag  0x00800175        0x1 Timer2.o
                0x00800175                uc1sFlag
 .bss.uctemp2read
                0x00800176        0x1 TMP75.o
                0x00800176                uctemp2read
 .bss.ucTWI_INT_Flag
                0x00800177        0x1 TWI_ATMEGA.o
                0x00800177                ucTWI_INT_Flag
 *(COMMON)
 COMMON         0x00800178        0x4 Keys.o
                0x00800178                ucS3_old
                0x00800179                ucS4_old
                0x0080017a                ucS1_old
                0x0080017b                ucS2_old
 COMMON         0x0080017c        0x2 TMP75.o
                0x0080017c                iTemperature
 COMMON         0x0080017e        0x1 TWI_ATMEGA.o
                0x0080017e                ucTWSR_Register
 COMMON         0x0080017f        0x8 WS2812.o
                0x0080017f                ucPin
                0x00800180                PtrLedNumber
                0x00800182                ucPort
                0x00800183                PtrColourList
                0x00800185                PtrPort
                0x00800187                PROVIDE (__bss_end, .)
                0x0000147c                __data_load_start = LOADADDR (.data)
                0x000014e8                __data_load_end = (__data_load_start + SIZEOF (.data))

.noinit         0x00800187        0x0
                [!provide]                PROVIDE (__noinit_start, .)
 *(.noinit*)
                [!provide]                PROVIDE (__noinit_end, .)
                0x00800187                _end = .
                [!provide]                PROVIDE (__heap_start, .)

.eeprom         0x00810000        0x0
 *(.eeprom*)
                0x00810000                __eeprom_end = .

.fuse
 *(.fuse)
 *(.lfuse)
 *(.hfuse)
 *(.efuse)

.lock
 *(.lock*)

.signature
 *(.signature*)

.user_signatures
 *(.user_signatures*)

.stab
 *(.stab)

.stabstr
 *(.stabstr)

.stab.excl
 *(.stab.excl)

.stab.exclstr
 *(.stab.exclstr)

.stab.index
 *(.stab.index)

.stab.indexstr
 *(.stab.indexstr)

.comment        0x00000000       0x30
 *(.comment)
 .comment       0x00000000       0x30 Controller.o
                                 0x31 (size before relaxing)
 .comment       0x00000030       0x31 display_funktionen.o
 .comment       0x00000030       0x31 Init1.o
 .comment       0x00000030       0x31 Keys.o
 .comment       0x00000030       0x31 LED.o
 .comment       0x00000030       0x31 main.o
 .comment       0x00000030       0x31 MCP2515_HHN.o
 .comment       0x00000030       0x31 Servo.o
 .comment       0x00000030       0x31 SPI.o
 .comment       0x00000030       0x31 Timer1.o
 .comment       0x00000030       0x31 Timer2.o
 .comment       0x00000030       0x31 TMP75.o
 .comment       0x00000030       0x31 TWI_ATMEGA.o
 .comment       0x00000030       0x31 WS2812.o

.note.gnu.avr.deviceinfo
                0x00000000       0x40
 .note.gnu.avr.deviceinfo
                0x00000000       0x40 C:/Program Files (x86)/Atmel/Studio/7.0/Packs/atmel/ATmega_DFP/1.6.364/gcc/dev/atmega88pa/avr4/crtatmega88pa.o

.note.gnu.build-id
 *(.note.gnu.build-id)

.debug
 *(.debug)

.line
 *(.line)

.debug_srcinfo
 *(.debug_srcinfo)

.debug_sfnames
 *(.debug_sfnames)

.debug_aranges  0x00000000      0x410
 *(.debug_aranges)
 .debug_aranges
                0x00000000       0x20 Controller.o
 .debug_aranges
                0x00000020       0xe0 display_funktionen.o
 .debug_aranges
                0x00000100       0x28 Init1.o
 .debug_aranges
                0x00000128       0x28 Keys.o
 .debug_aranges
                0x00000150       0x38 LED.o
 .debug_aranges
                0x00000188       0x20 main.o
 .debug_aranges
                0x000001a8       0xa0 MCP2515_HHN.o
 .debug_aranges
                0x00000248       0x28 Servo.o
 .debug_aranges
                0x00000270       0x40 SPI.o
 .debug_aranges
                0x000002b0       0x40 Timer1.o
 .debug_aranges
                0x000002f0       0x40 Timer2.o
 .debug_aranges
                0x00000330       0x30 TMP75.o
 .debug_aranges
                0x00000360       0x80 TWI_ATMEGA.o
 .debug_aranges
                0x000003e0       0x30 WS2812.o

.debug_pubnames
 *(.debug_pubnames)

.debug_info     0x00000000     0x25b2
 *(.debug_info .gnu.linkonce.wi.*)
 .debug_info    0x00000000      0x5f4 C:/Program Files (x86)/Atmel/Studio/7.0/Packs/atmel/ATmega_DFP/1.6.364/gcc/dev/atmega88pa/avr4/crtatmega88pa.o
 .debug_info    0x000005f4      0x251 Controller.o
 .debug_info    0x00000845      0x49a display_funktionen.o
 .debug_info    0x00000cdf      0x186 Init1.o
 .debug_info    0x00000e65      0x12d Keys.o
 .debug_info    0x00000f92       0xc5 LED.o
 .debug_info    0x00001057      0x1dc main.o
 .debug_info    0x00001233      0x93f MCP2515_HHN.o
 .debug_info    0x00001b72       0xd5 Servo.o
 .debug_info    0x00001c47      0x1bb SPI.o
 .debug_info    0x00001e02      0x141 Timer1.o
 .debug_info    0x00001f43      0x13e Timer2.o
 .debug_info    0x00002081      0x190 TMP75.o
 .debug_info    0x00002211      0x20a TWI_ATMEGA.o
 .debug_info    0x0000241b      0x197 WS2812.o

.debug_abbrev   0x00000000     0x1011
 *(.debug_abbrev)
 .debug_abbrev  0x00000000      0x5a2 C:/Program Files (x86)/Atmel/Studio/7.0/Packs/atmel/ATmega_DFP/1.6.364/gcc/dev/atmega88pa/avr4/crtatmega88pa.o
 .debug_abbrev  0x000005a2       0xd1 Controller.o
 .debug_abbrev  0x00000673      0x16d display_funktionen.o
 .debug_abbrev  0x000007e0       0xbf Init1.o
 .debug_abbrev  0x0000089f       0x7c Keys.o
 .debug_abbrev  0x0000091b       0x51 LED.o
 .debug_abbrev  0x0000096c       0xd3 main.o
 .debug_abbrev  0x00000a3f      0x151 MCP2515_HHN.o
 .debug_abbrev  0x00000b90       0x9d Servo.o
 .debug_abbrev  0x00000c2d       0xa8 SPI.o
 .debug_abbrev  0x00000cd5       0x7c Timer1.o
 .debug_abbrev  0x00000d51       0x7a Timer2.o
 .debug_abbrev  0x00000dcb       0xd9 TMP75.o
 .debug_abbrev  0x00000ea4       0xa5 TWI_ATMEGA.o
 .debug_abbrev  0x00000f49       0xc8 WS2812.o

.debug_line     0x00000000     0x1ebf
 *(.debug_line .debug_line.* .debug_line_end)
 .debug_line    0x00000000      0x133 C:/Program Files (x86)/Atmel/Studio/7.0/Packs/atmel/ATmega_DFP/1.6.364/gcc/dev/atmega88pa/avr4/crtatmega88pa.o
 .debug_line    0x00000133      0x137 Controller.o
 .debug_line    0x0000026a      0x5b9 display_funktionen.o
 .debug_line    0x00000823       0xdf Init1.o
 .debug_line    0x00000902      0x13b Keys.o
 .debug_line    0x00000a3d       0xfc LED.o
 .debug_line    0x00000b39      0x144 main.o
 .debug_line    0x00000c7d      0x71d MCP2515_HHN.o
 .debug_line    0x0000139a       0xd6 Servo.o
 .debug_line    0x00001470      0x159 SPI.o
 .debug_line    0x000015c9      0x199 Timer1.o
 .debug_line    0x00001762      0x191 Timer2.o
 .debug_line    0x000018f3      0x231 TMP75.o
 .debug_line    0x00001b24      0x28c TWI_ATMEGA.o
 .debug_line    0x00001db0      0x10f WS2812.o

.debug_frame    0x00000000      0xd10
 *(.debug_frame)
 .debug_frame   0x00000000       0x34 Controller.o
 .debug_frame   0x00000034      0x334 display_funktionen.o
 .debug_frame   0x00000368       0x54 Init1.o
 .debug_frame   0x000003bc       0x54 Keys.o
 .debug_frame   0x00000410       0x94 LED.o
 .debug_frame   0x000004a4       0x34 main.o
 .debug_frame   0x000004d8      0x2ec MCP2515_HHN.o
 .debug_frame   0x000007c4       0x54 Servo.o
 .debug_frame   0x00000818       0xb4 SPI.o
 .debug_frame   0x000008cc       0xc0 Timer1.o
 .debug_frame   0x0000098c       0xc0 Timer2.o
 .debug_frame   0x00000a4c       0x74 TMP75.o
 .debug_frame   0x00000ac0      0x1dc TWI_ATMEGA.o
 .debug_frame   0x00000c9c       0x74 WS2812.o

.debug_str      0x00000000     0x1097
 *(.debug_str)
 .debug_str     0x00000000      0x208 C:/Program Files (x86)/Atmel/Studio/7.0/Packs/atmel/ATmega_DFP/1.6.364/gcc/dev/atmega88pa/avr4/crtatmega88pa.o
 .debug_str     0x00000208      0x1cf Controller.o
                                0x203 (size before relaxing)
 .debug_str     0x000003d7      0x25f display_funktionen.o
                                0x3e4 (size before relaxing)
 .debug_str     0x00000636       0xa2 Init1.o
                                0x211 (size before relaxing)
 .debug_str     0x000006d8       0xc8 Keys.o
                                0x1ec (size before relaxing)
 .debug_str     0x000007a0       0x2e LED.o
                                0x19c (size before relaxing)
 .debug_str     0x000007ce       0xc9 main.o
                                0x253 (size before relaxing)
 .debug_str     0x00000897      0x3c6 MCP2515_HHN.o
                                0x590 (size before relaxing)
 .debug_str     0x00000c5d       0x28 Servo.o
                                0x1b4 (size before relaxing)
 .debug_str     0x00000c85       0xb4 SPI.o
                                0x243 (size before relaxing)
 .debug_str     0x00000d39       0x8f Timer1.o
                                0x21a (size before relaxing)
 .debug_str     0x00000dc8       0x85 Timer2.o
                                0x1ea (size before relaxing)
 .debug_str     0x00000e4d       0xc2 TMP75.o
                                0x230 (size before relaxing)
 .debug_str     0x00000f0f      0x117 TWI_ATMEGA.o
                                0x2be (size before relaxing)
 .debug_str     0x00001026       0x71 WS2812.o
                                0x24a (size before relaxing)

.debug_loc      0x00000000     0x18ed
 *(.debug_loc)
 .debug_loc     0x00000000       0x48 Controller.o
 .debug_loc     0x00000048      0x65e display_funktionen.o
 .debug_loc     0x000006a6       0x8f Init1.o
 .debug_loc     0x00000735       0x76 Keys.o
 .debug_loc     0x000007ab       0xec LED.o
 .debug_loc     0x00000897       0x48 main.o
 .debug_loc     0x000008df      0x671 MCP2515_HHN.o
 .debug_loc     0x00000f50       0x83 Servo.o
 .debug_loc     0x00000fd3      0x168 SPI.o
 .debug_loc     0x0000113b      0x14e Timer1.o
 .debug_loc     0x00001289      0x14e Timer2.o
 .debug_loc     0x000013d7       0xca TMP75.o
 .debug_loc     0x000014a1      0x38e TWI_ATMEGA.o
 .debug_loc     0x0000182f       0xbe WS2812.o

.debug_macinfo
 *(.debug_macinfo)

.debug_weaknames
 *(.debug_weaknames)

.debug_funcnames
 *(.debug_funcnames)

.debug_typenames
 *(.debug_typenames)

.debug_varnames
 *(.debug_varnames)

.debug_pubtypes
 *(.debug_pubtypes)

.debug_ranges   0x00000000      0x330
 *(.debug_ranges)
 .debug_ranges  0x00000000       0x10 Controller.o
 .debug_ranges  0x00000010       0xd0 display_funktionen.o
 .debug_ranges  0x000000e0       0x18 Init1.o
 .debug_ranges  0x000000f8       0x18 Keys.o
 .debug_ranges  0x00000110       0x28 LED.o
 .debug_ranges  0x00000138       0x10 main.o
 .debug_ranges  0x00000148       0x90 MCP2515_HHN.o
 .debug_ranges  0x000001d8       0x18 Servo.o
 .debug_ranges  0x000001f0       0x30 SPI.o
 .debug_ranges  0x00000220       0x30 Timer1.o
 .debug_ranges  0x00000250       0x30 Timer2.o
 .debug_ranges  0x00000280       0x20 TMP75.o
 .debug_ranges  0x000002a0       0x70 TWI_ATMEGA.o
 .debug_ranges  0x00000310       0x20 WS2812.o

.debug_macro
 *(.debug_macro)
OUTPUT(Heizkoerperthermostat.elf elf32-avr)
LOAD linker stubs
