Archive member included to satisfy reference by file (symbol)

c:/program files (x86)/atmel/studio/7.0/toolchain/avr8/avr8-gnu-toolchain/bin/../lib/gcc/avr/5.4.0/avr4\libgcc.a(_exit.o)
                              c:/program files (x86)/atmel/studio/7.0/toolchain/avr8/avr8-gnu-toolchain/bin/../lib/gcc/avr/5.4.0/../../../../avr/lib/avr4/crtatmega88pa.o (exit)
c:/program files (x86)/atmel/studio/7.0/toolchain/avr8/avr8-gnu-toolchain/bin/../lib/gcc/avr/5.4.0/avr4\libgcc.a(_copy_data.o)
                              display_funktionen.o (__do_copy_data)
c:/program files (x86)/atmel/studio/7.0/toolchain/avr8/avr8-gnu-toolchain/bin/../lib/gcc/avr/5.4.0/avr4\libgcc.a(_clear_bss.o)
                              Keys.o (__do_clear_bss)

Allocating common symbols
Common symbol       size              file

ucPin               0x1               WS2812.o
ucRxDataBuffer      0xd               MCP2515_HHN.o
ucTWSR_Register     0x1               TWI_ATMEGA.o
ucS3_old            0x1               Keys.o
ucS4_old            0x1               Keys.o
ucS1_old            0x1               Keys.o
PtrLedNumber        0x2               WS2812.o
ucPort              0x1               WS2812.o
PtrColourList       0x2               WS2812.o
iTemperature        0x2               TMP75.o
ucDataBuffer        0xd               MCP2515_HHN.o
PtrPort             0x2               WS2812.o
ucS2_old            0x1               Keys.o

Discarded input sections

 .data          0x00000000        0x0 c:/program files (x86)/atmel/studio/7.0/toolchain/avr8/avr8-gnu-toolchain/bin/../lib/gcc/avr/5.4.0/../../../../avr/lib/avr4/crtatmega88pa.o
 .bss           0x00000000        0x0 c:/program files (x86)/atmel/studio/7.0/toolchain/avr8/avr8-gnu-toolchain/bin/../lib/gcc/avr/5.4.0/../../../../avr/lib/avr4/crtatmega88pa.o
 .text          0x00000000        0x0 display_funktionen.o
 .data          0x00000000        0x0 display_funktionen.o
 .bss           0x00000000        0x0 display_funktionen.o
 .data.ucRAM_OffsetAdresse
                0x00000000        0x4 display_funktionen.o
 .text.Display_ReturnHome
                0x00000000       0x24 display_funktionen.o
 .text.Display_CursorOrDisplayShift
                0x00000000       0x2a display_funktionen.o
 .text.Display_SetCursor
                0x00000000       0x4e display_funktionen.o
 .text.Display_Write
                0x00000000       0x2a display_funktionen.o
 .text.Display_Print
                0x00000000       0x50 display_funktionen.o
 .text.Display_GenerateNewChar
                0x00000000       0x7e display_funktionen.o
 .text          0x00000000        0x0 Init1.o
 .data          0x00000000        0x0 Init1.o
 .bss           0x00000000        0x0 Init1.o
 .text.HexToAscii
                0x00000000       0x78 Init1.o
 .text          0x00000000        0x0 Keys.o
 .data          0x00000000        0x0 Keys.o
 .bss           0x00000000        0x0 Keys.o
 .text          0x00000000        0x0 LED.o
 .data          0x00000000        0x0 LED.o
 .bss           0x00000000        0x0 LED.o
 .text.LEDOff   0x00000000       0x48 LED.o
 .text.LEDToggle
                0x00000000       0x4c LED.o
 .text          0x00000000        0x0 main.o
 .data          0x00000000        0x0 main.o
 .bss           0x00000000        0x0 main.o
 .text          0x00000000        0x0 MCP2515_HHN.o
 .data          0x00000000        0x0 MCP2515_HHN.o
 .bss           0x00000000        0x0 MCP2515_HHN.o
 .data.ucFilterAddress
                0x00000000        0x6 MCP2515_HHN.o
 .data.ucMaskAddress
                0x00000000        0x2 MCP2515_HHN.o
 .text.MCP2515_Read_Reg
                0x00000000       0x9a MCP2515_HHN.o
 .text.MCP2515_OneShotMode
                0x00000000       0x52 MCP2515_HHN.o
 .text.MCP2515_Read_Status
                0x00000000       0x62 MCP2515_HHN.o
 .text.MCP2515_Load_TXBuffer
                0x00000000       0x94 MCP2515_HHN.o
 .text.MCP2515_Send_Message
                0x00000000      0x268 MCP2515_HHN.o
 .text.MCP2515_RequestToSend
                0x00000000       0x6e MCP2515_HHN.o
 .text.MCP2515_Set_Filter_Mask
                0x00000000      0x228 MCP2515_HHN.o
 .text.MCP2515_Build_Filter_Frame
                0x00000000       0xf6 MCP2515_HHN.o
 .text.MCP2515_Read_RxStatus
                0x00000000       0x62 MCP2515_HHN.o
 .text.MCP2515_Check_Message
                0x00000000      0x2a2 MCP2515_HHN.o
 .text.MCP2515_Read_RxBuffer
                0x00000000       0x9c MCP2515_HHN.o
 COMMON         0x00000000       0x1a MCP2515_HHN.o
 .text          0x00000000        0x0 Servo.o
 .data          0x00000000        0x0 Servo.o
 .bss           0x00000000        0x0 Servo.o
 .debug_line    0x00000000        0x0 Servo.o
 .debug_str     0x00000000      0x11d Servo.o
 .comment       0x00000000       0x31 Servo.o
 .text          0x00000000        0x0 SPI.o
 .data          0x00000000        0x0 SPI.o
 .bss           0x00000000        0x0 SPI.o
 .text          0x00000000        0x0 Timer1.o
 .data          0x00000000        0x0 Timer1.o
 .bss           0x00000000        0x0 Timer1.o
 .text.Timer1_get_10msState
                0x00000000       0x20 Timer1.o
 .text.Timer1_get_1sState
                0x00000000       0x20 Timer1.o
 .text          0x00000000        0x0 Timer2.o
 .data          0x00000000        0x0 Timer2.o
 .bss           0x00000000        0x0 Timer2.o
 .text.Check10msFlag
                0x00000000       0x20 Timer2.o
 .text.Check100msFlag
                0x00000000       0x20 Timer2.o
 .text.Check1sFlag
                0x00000000       0x20 Timer2.o
 .text          0x00000000        0x0 TMP75.o
 .data          0x00000000        0x0 TMP75.o
 .bss           0x00000000        0x0 TMP75.o
 .text.TMP75_Read_Temperature
                0x00000000      0x11c TMP75.o
 .text.TMP75_Get_Temperature
                0x00000000       0x16 TMP75.o
 .debug_info    0x00000000       0xfe TMP75.o
 .debug_abbrev  0x00000000       0x9e TMP75.o
 .debug_loc     0x00000000       0x83 TMP75.o
 .debug_aranges
                0x00000000       0x28 TMP75.o
 .debug_ranges  0x00000000       0x18 TMP75.o
 .debug_line    0x00000000      0x184 TMP75.o
 .debug_str     0x00000000      0x208 TMP75.o
 .comment       0x00000000       0x31 TMP75.o
 .debug_frame   0x00000000       0x54 TMP75.o
 COMMON         0x00000000        0x2 TMP75.o
 .text          0x00000000        0x0 TWI_ATMEGA.o
 .data          0x00000000        0x0 TWI_ATMEGA.o
 .bss           0x00000000        0x0 TWI_ATMEGA.o
 .bss.ucTWI_ErrorFlag
                0x00000000        0x1 TWI_ATMEGA.o
 .text.TWI_Master_Init
                0x00000000       0x2a TWI_ATMEGA.o
 .text.TWI_Master_Start
                0x00000000       0x28 TWI_ATMEGA.o
 .text.TWI_Master_Stop
                0x00000000       0x1a TWI_ATMEGA.o
 .text.TWI_Master_Transmit
                0x00000000       0x38 TWI_ATMEGA.o
 .text.TWI_Master_Read_Ack
                0x00000000       0x2e TWI_ATMEGA.o
 .text.TWI_Master_Read_NAck
                0x00000000       0x2e TWI_ATMEGA.o
 .text.TWI_INT_Enable
                0x00000000       0x22 TWI_ATMEGA.o
 .text.TWI_INT_Disable
                0x00000000       0x22 TWI_ATMEGA.o
 .text.TWI_INT_Master_Transmit
                0x00000000       0x2a TWI_ATMEGA.o
 .text.TWI_Get_State
                0x00000000       0x20 TWI_ATMEGA.o
 .text.TWI_Get_TWSRRegister
                0x00000000       0x12 TWI_ATMEGA.o
 .text.TWI_Set_ErrorFlag
                0x00000000       0x16 TWI_ATMEGA.o
 .text          0x00000000        0x0 WS2812.o
 .data          0x00000000        0x0 WS2812.o
 .bss           0x00000000        0x0 WS2812.o
 .text.WS2812_set_off
                0x00000000       0x44 WS2812.o
 .text.WS2812_Set_Colour
                0x00000000      0x12e WS2812.o
 COMMON         0x00000000        0x8 WS2812.o
 .text          0x00000000        0x0 c:/program files (x86)/atmel/studio/7.0/toolchain/avr8/avr8-gnu-toolchain/bin/../lib/gcc/avr/5.4.0/avr4\libgcc.a(_exit.o)
 .data          0x00000000        0x0 c:/program files (x86)/atmel/studio/7.0/toolchain/avr8/avr8-gnu-toolchain/bin/../lib/gcc/avr/5.4.0/avr4\libgcc.a(_exit.o)
 .bss           0x00000000        0x0 c:/program files (x86)/atmel/studio/7.0/toolchain/avr8/avr8-gnu-toolchain/bin/../lib/gcc/avr/5.4.0/avr4\libgcc.a(_exit.o)
 .text.libgcc.mul
                0x00000000        0x0 c:/program files (x86)/atmel/studio/7.0/toolchain/avr8/avr8-gnu-toolchain/bin/../lib/gcc/avr/5.4.0/avr4\libgcc.a(_exit.o)
 .text.libgcc.div
                0x00000000        0x0 c:/program files (x86)/atmel/studio/7.0/toolchain/avr8/avr8-gnu-toolchain/bin/../lib/gcc/avr/5.4.0/avr4\libgcc.a(_exit.o)
 .text.libgcc   0x00000000        0x0 c:/program files (x86)/atmel/studio/7.0/toolchain/avr8/avr8-gnu-toolchain/bin/../lib/gcc/avr/5.4.0/avr4\libgcc.a(_exit.o)
 .text.libgcc.prologue
                0x00000000        0x0 c:/program files (x86)/atmel/studio/7.0/toolchain/avr8/avr8-gnu-toolchain/bin/../lib/gcc/avr/5.4.0/avr4\libgcc.a(_exit.o)
 .text.libgcc.builtins
                0x00000000        0x0 c:/program files (x86)/atmel/studio/7.0/toolchain/avr8/avr8-gnu-toolchain/bin/../lib/gcc/avr/5.4.0/avr4\libgcc.a(_exit.o)
 .text.libgcc.fmul
                0x00000000        0x0 c:/program files (x86)/atmel/studio/7.0/toolchain/avr8/avr8-gnu-toolchain/bin/../lib/gcc/avr/5.4.0/avr4\libgcc.a(_exit.o)
 .text.libgcc.fixed
                0x00000000        0x0 c:/program files (x86)/atmel/studio/7.0/toolchain/avr8/avr8-gnu-toolchain/bin/../lib/gcc/avr/5.4.0/avr4\libgcc.a(_exit.o)
 .text          0x00000000        0x0 c:/program files (x86)/atmel/studio/7.0/toolchain/avr8/avr8-gnu-toolchain/bin/../lib/gcc/avr/5.4.0/avr4\libgcc.a(_copy_data.o)
 .data          0x00000000        0x0 c:/program files (x86)/atmel/studio/7.0/toolchain/avr8/avr8-gnu-toolchain/bin/../lib/gcc/avr/5.4.0/avr4\libgcc.a(_copy_data.o)
 .bss           0x00000000        0x0 c:/program files (x86)/atmel/studio/7.0/toolchain/avr8/avr8-gnu-toolchain/bin/../lib/gcc/avr/5.4.0/avr4\libgcc.a(_copy_data.o)
 .text.libgcc.mul
                0x00000000        0x0 c:/program files (x86)/atmel/studio/7.0/toolchain/avr8/avr8-gnu-toolchain/bin/../lib/gcc/avr/5.4.0/avr4\libgcc.a(_copy_data.o)
 .text.libgcc.div
                0x00000000        0x0 c:/program files (x86)/atmel/studio/7.0/toolchain/avr8/avr8-gnu-toolchain/bin/../lib/gcc/avr/5.4.0/avr4\libgcc.a(_copy_data.o)
 .text.libgcc   0x00000000        0x0 c:/program files (x86)/atmel/studio/7.0/toolchain/avr8/avr8-gnu-toolchain/bin/../lib/gcc/avr/5.4.0/avr4\libgcc.a(_copy_data.o)
 .text.libgcc.prologue
                0x00000000        0x0 c:/program files (x86)/atmel/studio/7.0/toolchain/avr8/avr8-gnu-toolchain/bin/../lib/gcc/avr/5.4.0/avr4\libgcc.a(_copy_data.o)
 .text.libgcc.builtins
                0x00000000        0x0 c:/program files (x86)/atmel/studio/7.0/toolchain/avr8/avr8-gnu-toolchain/bin/../lib/gcc/avr/5.4.0/avr4\libgcc.a(_copy_data.o)
 .text.libgcc.fmul
                0x00000000        0x0 c:/program files (x86)/atmel/studio/7.0/toolchain/avr8/avr8-gnu-toolchain/bin/../lib/gcc/avr/5.4.0/avr4\libgcc.a(_copy_data.o)
 .text.libgcc.fixed
                0x00000000        0x0 c:/program files (x86)/atmel/studio/7.0/toolchain/avr8/avr8-gnu-toolchain/bin/../lib/gcc/avr/5.4.0/avr4\libgcc.a(_copy_data.o)
 .text          0x00000000        0x0 c:/program files (x86)/atmel/studio/7.0/toolchain/avr8/avr8-gnu-toolchain/bin/../lib/gcc/avr/5.4.0/avr4\libgcc.a(_clear_bss.o)
 .data          0x00000000        0x0 c:/program files (x86)/atmel/studio/7.0/toolchain/avr8/avr8-gnu-toolchain/bin/../lib/gcc/avr/5.4.0/avr4\libgcc.a(_clear_bss.o)
 .bss           0x00000000        0x0 c:/program files (x86)/atmel/studio/7.0/toolchain/avr8/avr8-gnu-toolchain/bin/../lib/gcc/avr/5.4.0/avr4\libgcc.a(_clear_bss.o)
 .text.libgcc.mul
                0x00000000        0x0 c:/program files (x86)/atmel/studio/7.0/toolchain/avr8/avr8-gnu-toolchain/bin/../lib/gcc/avr/5.4.0/avr4\libgcc.a(_clear_bss.o)
 .text.libgcc.div
                0x00000000        0x0 c:/program files (x86)/atmel/studio/7.0/toolchain/avr8/avr8-gnu-toolchain/bin/../lib/gcc/avr/5.4.0/avr4\libgcc.a(_clear_bss.o)
 .text.libgcc   0x00000000        0x0 c:/program files (x86)/atmel/studio/7.0/toolchain/avr8/avr8-gnu-toolchain/bin/../lib/gcc/avr/5.4.0/avr4\libgcc.a(_clear_bss.o)
 .text.libgcc.prologue
                0x00000000        0x0 c:/program files (x86)/atmel/studio/7.0/toolchain/avr8/avr8-gnu-toolchain/bin/../lib/gcc/avr/5.4.0/avr4\libgcc.a(_clear_bss.o)
 .text.libgcc.builtins
                0x00000000        0x0 c:/program files (x86)/atmel/studio/7.0/toolchain/avr8/avr8-gnu-toolchain/bin/../lib/gcc/avr/5.4.0/avr4\libgcc.a(_clear_bss.o)
 .text.libgcc.fmul
                0x00000000        0x0 c:/program files (x86)/atmel/studio/7.0/toolchain/avr8/avr8-gnu-toolchain/bin/../lib/gcc/avr/5.4.0/avr4\libgcc.a(_clear_bss.o)
 .text.libgcc.fixed
                0x00000000        0x0 c:/program files (x86)/atmel/studio/7.0/toolchain/avr8/avr8-gnu-toolchain/bin/../lib/gcc/avr/5.4.0/avr4\libgcc.a(_clear_bss.o)

Memory Configuration

Name             Origin             Length             Attributes
text             0x00000000         0x00002000         xr
data             0x00800100         0x00000400         rw !x
eeprom           0x00810000         0x00000200         rw !x
fuse             0x00820000         0x00000003         rw !x
lock             0x00830000         0x00000400         rw !x
signature        0x00840000         0x00000400         rw !x
user_signatures  0x00850000         0x00000400         rw !x
*default*        0x00000000         0xffffffff

Linker script and memory map

Address of section .data set to 0x800100
LOAD c:/program files (x86)/atmel/studio/7.0/toolchain/avr8/avr8-gnu-toolchain/bin/../lib/gcc/avr/5.4.0/../../../../avr/lib/avr4/crtatmega88pa.o
LOAD display_funktionen.o
LOAD Init1.o
LOAD Keys.o
LOAD LED.o
LOAD main.o
LOAD MCP2515_HHN.o
LOAD Servo.o
LOAD SPI.o
LOAD Timer1.o
LOAD Timer2.o
LOAD TMP75.o
LOAD TWI_ATMEGA.o
LOAD WS2812.o
START GROUP
LOAD c:/program files (x86)/atmel/studio/7.0/toolchain/avr8/avr8-gnu-toolchain/bin/../lib/gcc/avr/5.4.0/../../../../avr/lib/avr4\libm.a
END GROUP
START GROUP
LOAD c:/program files (x86)/atmel/studio/7.0/toolchain/avr8/avr8-gnu-toolchain/bin/../lib/gcc/avr/5.4.0/avr4\libgcc.a
LOAD c:/program files (x86)/atmel/studio/7.0/toolchain/avr8/avr8-gnu-toolchain/bin/../lib/gcc/avr/5.4.0/../../../../avr/lib/avr4\libm.a
LOAD c:/program files (x86)/atmel/studio/7.0/toolchain/avr8/avr8-gnu-toolchain/bin/../lib/gcc/avr/5.4.0/../../../../avr/lib/avr4\libc.a
LOAD c:/program files (x86)/atmel/studio/7.0/toolchain/avr8/avr8-gnu-toolchain/bin/../lib/gcc/avr/5.4.0/../../../../avr/lib/avr4\libatmega88pa.a
END GROUP
                0x00000000                __TEXT_REGION_ORIGIN__ = DEFINED (__TEXT_REGION_ORIGIN__)?__TEXT_REGION_ORIGIN__:0x0
                [0x00800100]                __DATA_REGION_ORIGIN__ = DEFINED (__DATA_REGION_ORIGIN__)?__DATA_REGION_ORIGIN__:0x800060
                [0x00002000]                __TEXT_REGION_LENGTH__ = DEFINED (__TEXT_REGION_LENGTH__)?__TEXT_REGION_LENGTH__:0x2000
                [0x00000400]                __DATA_REGION_LENGTH__ = DEFINED (__DATA_REGION_LENGTH__)?__DATA_REGION_LENGTH__:0xffa0
                [0x00000200]                __EEPROM_REGION_LENGTH__ = DEFINED (__EEPROM_REGION_LENGTH__)?__EEPROM_REGION_LENGTH__:0x10000
                [0x00000003]                __FUSE_REGION_LENGTH__ = DEFINED (__FUSE_REGION_LENGTH__)?__FUSE_REGION_LENGTH__:0x400
                0x00000400                __LOCK_REGION_LENGTH__ = DEFINED (__LOCK_REGION_LENGTH__)?__LOCK_REGION_LENGTH__:0x400
                0x00000400                __SIGNATURE_REGION_LENGTH__ = DEFINED (__SIGNATURE_REGION_LENGTH__)?__SIGNATURE_REGION_LENGTH__:0x400
                0x00000400                __USER_SIGNATURE_REGION_LENGTH__ = DEFINED (__USER_SIGNATURE_REGION_LENGTH__)?__USER_SIGNATURE_REGION_LENGTH__:0x400

.hash
 *(.hash)

.dynsym
 *(.dynsym)

.dynstr
 *(.dynstr)

.gnu.version
 *(.gnu.version)

.gnu.version_d
 *(.gnu.version_d)

.gnu.version_r
 *(.gnu.version_r)

.rel.init
 *(.rel.init)

.rela.init
 *(.rela.init)

.rel.text
 *(.rel.text)
 *(.rel.text.*)
 *(.rel.gnu.linkonce.t*)

.rela.text
 *(.rela.text)
 *(.rela.text.*)
 *(.rela.gnu.linkonce.t*)

.rel.fini
 *(.rel.fini)

.rela.fini
 *(.rela.fini)

.rel.rodata
 *(.rel.rodata)
 *(.rel.rodata.*)
 *(.rel.gnu.linkonce.r*)

.rela.rodata
 *(.rela.rodata)
 *(.rela.rodata.*)
 *(.rela.gnu.linkonce.r*)

.rel.data
 *(.rel.data)
 *(.rel.data.*)
 *(.rel.gnu.linkonce.d*)

.rela.data
 *(.rela.data)
 *(.rela.data.*)
 *(.rela.gnu.linkonce.d*)

.rel.ctors
 *(.rel.ctors)

.rela.ctors
 *(.rela.ctors)

.rel.dtors
 *(.rel.dtors)

.rela.dtors
 *(.rela.dtors)

.rel.got
 *(.rel.got)

.rela.got
 *(.rela.got)

.rel.bss
 *(.rel.bss)

.rela.bss
 *(.rela.bss)

.rel.plt
 *(.rel.plt)

.rela.plt
 *(.rela.plt)

.text           0x00000000      0xcc8
 *(.vectors)
 .vectors       0x00000000       0x34 c:/program files (x86)/atmel/studio/7.0/toolchain/avr8/avr8-gnu-toolchain/bin/../lib/gcc/avr/5.4.0/../../../../avr/lib/avr4/crtatmega88pa.o
                0x00000000                __vector_default
                0x00000000                __vectors
 *(.vectors)
 *(.progmem.gcc*)
                0x00000034                . = ALIGN (0x2)
                0x00000034                __trampolines_start = .
 *(.trampolines)
 .trampolines   0x00000034        0x0 linker stubs
 *(.trampolines*)
                0x00000034                __trampolines_end = .
 *libprintf_flt.a:*(.progmem.data)
 *libc.a:*(.progmem.data)
 *(.progmem*)
                0x00000034                . = ALIGN (0x2)
 *(.jumptables)
 *(.jumptables*)
 *(.lowtext)
 *(.lowtext*)
                0x00000034                __ctors_start = .
 *(.ctors)
                0x00000034                __ctors_end = .
                0x00000034                __dtors_start = .
 *(.dtors)
                0x00000034                __dtors_end = .
 SORT(*)(.ctors)
 SORT(*)(.dtors)
 *(.init0)
 .init0         0x00000034        0x0 c:/program files (x86)/atmel/studio/7.0/toolchain/avr8/avr8-gnu-toolchain/bin/../lib/gcc/avr/5.4.0/../../../../avr/lib/avr4/crtatmega88pa.o
                0x00000034                __init
 *(.init0)
 *(.init1)
 *(.init1)
 *(.init2)
 .init2         0x00000034        0xc c:/program files (x86)/atmel/studio/7.0/toolchain/avr8/avr8-gnu-toolchain/bin/../lib/gcc/avr/5.4.0/../../../../avr/lib/avr4/crtatmega88pa.o
 *(.init2)
 *(.init3)
 *(.init3)
 *(.init4)
 .init4         0x00000040       0x16 c:/program files (x86)/atmel/studio/7.0/toolchain/avr8/avr8-gnu-toolchain/bin/../lib/gcc/avr/5.4.0/avr4\libgcc.a(_copy_data.o)
                0x00000040                __do_copy_data
 .init4         0x00000056       0x10 c:/program files (x86)/atmel/studio/7.0/toolchain/avr8/avr8-gnu-toolchain/bin/../lib/gcc/avr/5.4.0/avr4\libgcc.a(_clear_bss.o)
                0x00000056                __do_clear_bss
 *(.init4)
 *(.init5)
 *(.init5)
 *(.init6)
 *(.init6)
 *(.init7)
 *(.init7)
 *(.init8)
 *(.init8)
 *(.init9)
 .init9         0x00000066        0x4 c:/program files (x86)/atmel/studio/7.0/toolchain/avr8/avr8-gnu-toolchain/bin/../lib/gcc/avr/5.4.0/../../../../avr/lib/avr4/crtatmega88pa.o
 *(.init9)
 *(.text)
 .text          0x0000006a        0x2 c:/program files (x86)/atmel/studio/7.0/toolchain/avr8/avr8-gnu-toolchain/bin/../lib/gcc/avr/5.4.0/../../../../avr/lib/avr4/crtatmega88pa.o
                0x0000006a                __vector_22
                0x0000006a                __vector_1
                0x0000006a                __vector_12
                0x0000006a                __bad_interrupt
                0x0000006a                __vector_6
                0x0000006a                __vector_3
                0x0000006a                __vector_23
                0x0000006a                __vector_25
                0x0000006a                __vector_13
                0x0000006a                __vector_17
                0x0000006a                __vector_19
                0x0000006a                __vector_5
                0x0000006a                __vector_4
                0x0000006a                __vector_9
                0x0000006a                __vector_2
                0x0000006a                __vector_21
                0x0000006a                __vector_15
                0x0000006a                __vector_8
                0x0000006a                __vector_14
                0x0000006a                __vector_10
                0x0000006a                __vector_16
                0x0000006a                __vector_18
                0x0000006a                __vector_20
                0x0000006c                . = ALIGN (0x2)
 *(.text.*)
 .text.Display_HardwareInit
                0x0000006c       0x16 display_funktionen.o
                0x0000006c                Display_HardwareInit
 .text.Display_delay
                0x00000082       0x7a display_funktionen.o
                0x00000082                Display_delay
 .text.Display_Aus
                0x000000fc       0x34 display_funktionen.o
                0x000000fc                Display_Aus
 .text.Display_An
                0x00000130       0x22 display_funktionen.o
                0x00000130                Display_An
 .text.Display_RS_Output
                0x00000152       0x22 display_funktionen.o
                0x00000152                Display_RS_Output
 .text.Display_RS_High
                0x00000174       0x22 display_funktionen.o
                0x00000174                Display_RS_High
 .text.Display_RS_Low
                0x00000196       0x22 display_funktionen.o
                0x00000196                Display_RS_Low
 .text.Display_EN_Output
                0x000001b8       0x22 display_funktionen.o
                0x000001b8                Display_EN_Output
 .text.Display_EN_High
                0x000001da       0x22 display_funktionen.o
                0x000001da                Display_EN_High
 .text.Display_EN_Low
                0x000001fc       0x22 display_funktionen.o
                0x000001fc                Display_EN_Low
 .text.Display_DATA_Output
                0x0000021e       0x22 display_funktionen.o
                0x0000021e                Display_DATA_Output
 .text.Display_DATA_BitHigh
                0x00000240       0x3e display_funktionen.o
                0x00000240                Display_DATA_BitHigh
 .text.Display_DATA_BitLow
                0x0000027e       0x40 display_funktionen.o
                0x0000027e                Display_DATA_BitLow
 .text.Display_Clear
                0x000002be       0x24 display_funktionen.o
                0x000002be                Display_Clear
 .text.Display_ModeEntry
                0x000002e2       0x2a display_funktionen.o
                0x000002e2                Display_ModeEntry
 .text.Display_Control
                0x0000030c       0x2a display_funktionen.o
                0x0000030c                Display_Control
 .text.Display_SetMPUInterface
                0x00000336       0x7c display_funktionen.o
                0x00000336                Display_SetMPUInterface
 .text.Display_Transfer4BitData
                0x000003b2       0x70 display_funktionen.o
                0x000003b2                Display_Transfer4BitData
 .text.Display_Init
                0x00000422       0x36 display_funktionen.o
                0x00000422                Display_Init
 .text.GerneralInit
                0x00000458       0x1c Init1.o
                0x00000458                GerneralInit
 .text.keys_Init
                0x00000474       0x22 Keys.o
                0x00000474                keys_Init
 .text.keys_get_state
                0x00000496       0xb8 Keys.o
                0x00000496                keys_get_state
 .text.LEDInit  0x0000054e       0x34 LED.o
                0x0000054e                LEDInit
 .text.LEDOn    0x00000582       0x48 LED.o
                0x00000582                LEDOn
 .text.main     0x000005ca       0x44 main.o
                0x000005ca                main
 .text.MCP2515_Init
                0x0000060e       0x8e MCP2515_HHN.o
                0x0000060e                MCP2515_Init
 .text.MCP2515_Write_Reg
                0x0000069c       0x92 MCP2515_HHN.o
                0x0000069c                MCP2515_Write_Reg
 .text.MCP2515_Change_Reg
                0x0000072e       0x6e MCP2515_HHN.o
                0x0000072e                MCP2515_Change_Reg
 .text.MCP2515_Set_OpMode
                0x0000079c       0x52 MCP2515_HHN.o
                0x0000079c                MCP2515_Set_OpMode
 .text.MCP2515_Change_ClkOut
                0x000007ee       0x52 MCP2515_HHN.o
                0x000007ee                MCP2515_Change_ClkOut
 .text.MCP2515_Set_Baudrate
                0x00000840       0x6a MCP2515_HHN.o
                0x00000840                MCP2515_Set_Baudrate
 .text.SPI_Master_Init
                0x000008aa       0x92 SPI.o
                0x000008aa                SPI_Master_Init
 .text.SPI_Master_SlaveSelectInit
                0x0000093c       0x7e SPI.o
                0x0000093c                SPI_Master_SlaveSelectInit
 .text.SPI_Master_Start
                0x000009ba       0x58 SPI.o
                0x000009ba                SPI_Master_Start
 .text.SPI_Master_Stop
                0x00000a12       0x56 SPI.o
                0x00000a12                SPI_Master_Stop
 .text.SPI_Master_Write
                0x00000a68       0x34 SPI.o
                0x00000a68                SPI_Master_Write
 .text.Timer1_Init
                0x00000a9c       0x52 Timer1.o
                0x00000a9c                Timer1_Init
 .text.__vector_11
                0x00000aee       0x68 Timer1.o
                0x00000aee                __vector_11
 .text.Timer1_get_100msState
                0x00000b56       0x20 Timer1.o
                0x00000b56                Timer1_get_100msState
 .text.InitTimer2CTC
                0x00000b76       0x40 Timer2.o
                0x00000b76                InitTimer2CTC
 .text.__vector_7
                0x00000bb6       0x68 Timer2.o
                0x00000bb6                __vector_7
 .text.__vector_24
                0x00000c1e       0x64 TWI_ATMEGA.o
                0x00000c1e                __vector_24
 .text.WS2812_Init
                0x00000c82       0x42 WS2812.o
                0x00000c82                WS2812_Init
                0x00000cc4                . = ALIGN (0x2)
 *(.fini9)
 .fini9         0x00000cc4        0x0 c:/program files (x86)/atmel/studio/7.0/toolchain/avr8/avr8-gnu-toolchain/bin/../lib/gcc/avr/5.4.0/avr4\libgcc.a(_exit.o)
                0x00000cc4                _exit
                0x00000cc4                exit
 *(.fini9)
 *(.fini8)
 *(.fini8)
 *(.fini7)
 *(.fini7)
 *(.fini6)
 *(.fini6)
 *(.fini5)
 *(.fini5)
 *(.fini4)
 *(.fini4)
 *(.fini3)
 *(.fini3)
 *(.fini2)
 *(.fini2)
 *(.fini1)
 *(.fini1)
 *(.fini0)
 .fini0         0x00000cc4        0x4 c:/program files (x86)/atmel/studio/7.0/toolchain/avr8/avr8-gnu-toolchain/bin/../lib/gcc/avr/5.4.0/avr4\libgcc.a(_exit.o)
 *(.fini0)
                0x00000cc8                _etext = .

.data           0x00800100       0x30 load address 0x00000cc8
                0x00800100                PROVIDE (__data_start, .)
 *(.data)
 *(.data*)
 .data.ucDataBit
                0x00800100        0x8 display_funktionen.o
                0x00800100                ucDataBit
 .data.ucS1_new
                0x00800108        0x1 Keys.o
                0x00800108                ucS1_new
 .data.ucS2_new
                0x00800109        0x1 Keys.o
                0x00800109                ucS2_new
 .data.ucS3_new
                0x0080010a        0x1 Keys.o
                0x0080010a                ucS3_new
 .data.ucS4_new
                0x0080010b        0x1 Keys.o
                0x0080010b                ucS4_new
 .data.WS2812_1
                0x0080010c        0x5 main.o
                0x0080010c                WS2812_1
 .data.MCP2515_1
                0x00800111        0x6 main.o
                0x00800111                MCP2515_1
 .data.ucBaudrate
                0x00800117       0x18 MCP2515_HHN.o
                0x00800117                ucBaudrate
 *(.gnu.linkonce.d*)
 *(.rodata)
 *(.rodata*)
 *(.gnu.linkonce.r*)
                0x00800130                . = ALIGN (0x2)
 *fill*         0x0080012f        0x1 
                0x00800130                _edata = .
                0x00800130                PROVIDE (__data_end, .)

.bss            0x00800130       0x10
                0x00800130                PROVIDE (__bss_start, .)
 *(.bss)
 *(.bss*)
 .bss.ucFlag10ms
                0x00800130        0x1 Timer1.o
                0x00800130                ucFlag10ms
 .bss.ucCNt_1s  0x00800131        0x1 Timer1.o
                0x00800131                ucCNt_1s
 .bss.ucFlag_1s
                0x00800132        0x1 Timer1.o
                0x00800132                ucFlag_1s
 .bss.ucCNt_100ms
                0x00800133        0x1 Timer1.o
                0x00800133                ucCNt_100ms
 .bss.ucFlag_100ms
                0x00800134        0x1 Timer1.o
                0x00800134                ucFlag_100ms
 .bss.uc10MsFlag
                0x00800135        0x1 Timer2.o
                0x00800135                uc10MsFlag
 .bss.uc100MsFlag
                0x00800136        0x1 Timer2.o
                0x00800136                uc100MsFlag
 .bss.uc10MsCnt
                0x00800137        0x1 Timer2.o
                0x00800137                uc10MsCnt
 .bss.uc100MsCnt
                0x00800138        0x1 Timer2.o
                0x00800138                uc100MsCnt
 .bss.uc1sFlag  0x00800139        0x1 Timer2.o
                0x00800139                uc1sFlag
 .bss.ucTWI_INT_Flag
                0x0080013a        0x1 TWI_ATMEGA.o
                0x0080013a                ucTWI_INT_Flag
 *(COMMON)
 COMMON         0x0080013b        0x4 Keys.o
                0x0080013b                ucS3_old
                0x0080013c                ucS4_old
                0x0080013d                ucS1_old
                0x0080013e                ucS2_old
 COMMON         0x0080013f        0x1 TWI_ATMEGA.o
                0x0080013f                ucTWSR_Register
                0x00800140                PROVIDE (__bss_end, .)
                0x00000cc8                __data_load_start = LOADADDR (.data)
                0x00000cf8                __data_load_end = (__data_load_start + SIZEOF (.data))

.noinit         0x00800140        0x0
                [!provide]                PROVIDE (__noinit_start, .)
 *(.noinit*)
                [!provide]                PROVIDE (__noinit_end, .)
                0x00800140                _end = .
                [!provide]                PROVIDE (__heap_start, .)

.eeprom         0x00810000        0x0
 *(.eeprom*)
                0x00810000                __eeprom_end = .

.fuse
 *(.fuse)
 *(.lfuse)
 *(.hfuse)
 *(.efuse)

.lock
 *(.lock*)

.signature
 *(.signature*)

.user_signatures
 *(.user_signatures*)

.stab
 *(.stab)

.stabstr
 *(.stabstr)

.stab.excl
 *(.stab.excl)

.stab.exclstr
 *(.stab.exclstr)

.stab.index
 *(.stab.index)

.stab.indexstr
 *(.stab.indexstr)

.comment        0x00000000       0x30
 *(.comment)
 .comment       0x00000000       0x30 display_funktionen.o
                                 0x31 (size before relaxing)
 .comment       0x00000030       0x31 Init1.o
 .comment       0x00000030       0x31 Keys.o
 .comment       0x00000030       0x31 LED.o
 .comment       0x00000030       0x31 main.o
 .comment       0x00000030       0x31 MCP2515_HHN.o
 .comment       0x00000030       0x31 SPI.o
 .comment       0x00000030       0x31 Timer1.o
 .comment       0x00000030       0x31 Timer2.o
 .comment       0x00000030       0x31 TWI_ATMEGA.o
 .comment       0x00000030       0x31 WS2812.o

.note.gnu.avr.deviceinfo
                0x00000000       0x40
 .note.gnu.avr.deviceinfo
                0x00000000       0x40 c:/program files (x86)/atmel/studio/7.0/toolchain/avr8/avr8-gnu-toolchain/bin/../lib/gcc/avr/5.4.0/../../../../avr/lib/avr4/crtatmega88pa.o

.note.gnu.build-id
 *(.note.gnu.build-id)

.debug
 *(.debug)

.line
 *(.line)

.debug_srcinfo
 *(.debug_srcinfo)

.debug_sfnames
 *(.debug_sfnames)

.debug_aranges  0x00000000      0x398
 *(.debug_aranges)
 .debug_aranges
                0x00000000       0xe0 display_funktionen.o
 .debug_aranges
                0x000000e0       0x28 Init1.o
 .debug_aranges
                0x00000108       0x28 Keys.o
 .debug_aranges
                0x00000130       0x38 LED.o
 .debug_aranges
                0x00000168       0x20 main.o
 .debug_aranges
                0x00000188       0xa0 MCP2515_HHN.o
 .debug_aranges
                0x00000228       0x40 SPI.o
 .debug_aranges
                0x00000268       0x40 Timer1.o
 .debug_aranges
                0x000002a8       0x40 Timer2.o
 .debug_aranges
                0x000002e8       0x80 TWI_ATMEGA.o
 .debug_aranges
                0x00000368       0x30 WS2812.o

.debug_pubnames
 *(.debug_pubnames)

.debug_info     0x00000000     0x208d
 *(.debug_info .gnu.linkonce.wi.*)
 .debug_info    0x00000000      0x5f4 c:/program files (x86)/atmel/studio/7.0/toolchain/avr8/avr8-gnu-toolchain/bin/../lib/gcc/avr/5.4.0/../../../../avr/lib/avr4/crtatmega88pa.o
 .debug_info    0x000005f4      0x49a display_funktionen.o
 .debug_info    0x00000a8e      0x13b Init1.o
 .debug_info    0x00000bc9      0x12d Keys.o
 .debug_info    0x00000cf6      0x100 LED.o
 .debug_info    0x00000df6      0x17d main.o
 .debug_info    0x00000f73      0x93f MCP2515_HHN.o
 .debug_info    0x000018b2      0x1bb SPI.o
 .debug_info    0x00001a6d      0x141 Timer1.o
 .debug_info    0x00001bae      0x13e Timer2.o
 .debug_info    0x00001cec      0x20a TWI_ATMEGA.o
 .debug_info    0x00001ef6      0x197 WS2812.o

.debug_abbrev   0x00000000      0xdcf
 *(.debug_abbrev)
 .debug_abbrev  0x00000000      0x5a2 c:/program files (x86)/atmel/studio/7.0/toolchain/avr8/avr8-gnu-toolchain/bin/../lib/gcc/avr/5.4.0/../../../../avr/lib/avr4/crtatmega88pa.o
 .debug_abbrev  0x000005a2      0x16d display_funktionen.o
 .debug_abbrev  0x0000070f       0xb0 Init1.o
 .debug_abbrev  0x000007bf       0x7c Keys.o
 .debug_abbrev  0x0000083b       0x90 LED.o
 .debug_abbrev  0x000008cb       0xa8 main.o
 .debug_abbrev  0x00000973      0x151 MCP2515_HHN.o
 .debug_abbrev  0x00000ac4       0xa8 SPI.o
 .debug_abbrev  0x00000b6c       0x7c Timer1.o
 .debug_abbrev  0x00000be8       0x7a Timer2.o
 .debug_abbrev  0x00000c62       0xa5 TWI_ATMEGA.o
 .debug_abbrev  0x00000d07       0xc8 WS2812.o

.debug_line     0x00000000     0x1964
 *(.debug_line .debug_line.* .debug_line_end)
 .debug_line    0x00000000       0x1a c:/program files (x86)/atmel/studio/7.0/toolchain/avr8/avr8-gnu-toolchain/bin/../lib/gcc/avr/5.4.0/../../../../avr/lib/avr4/crtatmega88pa.o
 .debug_line    0x0000001a      0x5b9 display_funktionen.o
 .debug_line    0x000005d3       0xc0 Init1.o
 .debug_line    0x00000693      0x153 Keys.o
 .debug_line    0x000007e6      0x148 LED.o
 .debug_line    0x0000092e       0xfb main.o
 .debug_line    0x00000a29      0x71d MCP2515_HHN.o
 .debug_line    0x00001146      0x159 SPI.o
 .debug_line    0x0000129f      0x199 Timer1.o
 .debug_line    0x00001438      0x191 Timer2.o
 .debug_line    0x000015c9      0x28c TWI_ATMEGA.o
 .debug_line    0x00001855      0x10f WS2812.o

.debug_frame    0x00000000      0xc14
 *(.debug_frame)
 .debug_frame   0x00000000      0x334 display_funktionen.o
 .debug_frame   0x00000334       0x54 Init1.o
 .debug_frame   0x00000388       0x54 Keys.o
 .debug_frame   0x000003dc       0x94 LED.o
 .debug_frame   0x00000470       0x34 main.o
 .debug_frame   0x000004a4      0x2ec MCP2515_HHN.o
 .debug_frame   0x00000790       0xb4 SPI.o
 .debug_frame   0x00000844       0xc0 Timer1.o
 .debug_frame   0x00000904       0xc0 Timer2.o
 .debug_frame   0x000009c4      0x1dc TWI_ATMEGA.o
 .debug_frame   0x00000ba0       0x74 WS2812.o

.debug_str      0x00000000      0xe7f
 *(.debug_str)
 .debug_str     0x00000000      0x208 c:/program files (x86)/atmel/studio/7.0/toolchain/avr8/avr8-gnu-toolchain/bin/../lib/gcc/avr/5.4.0/../../../../avr/lib/avr4/crtatmega88pa.o
 .debug_str     0x00000208      0x3b3 display_funktionen.o
                                0x3fe (size before relaxing)
 .debug_str     0x000005bb       0x6a Init1.o
                                0x1f3 (size before relaxing)
 .debug_str     0x00000625       0x63 Keys.o
                                0x1ec (size before relaxing)
 .debug_str     0x00000688       0x28 LED.o
                                0x1b4 (size before relaxing)
 .debug_str     0x000006b0       0x99 main.o
                                0x22e (size before relaxing)
 .debug_str     0x00000749      0x3c6 MCP2515_HHN.o
                                0x590 (size before relaxing)
 .debug_str     0x00000b0f       0xb4 SPI.o
                                0x25d (size before relaxing)
 .debug_str     0x00000bc3       0x8f Timer1.o
                                0x21a (size before relaxing)
 .debug_str     0x00000c52       0x77 Timer2.o
                                0x204 (size before relaxing)
 .debug_str     0x00000cc9      0x133 TWI_ATMEGA.o
                                0x2be (size before relaxing)
 .debug_str     0x00000dfc       0x83 WS2812.o
                                0x24a (size before relaxing)

.debug_loc      0x00000000     0x1766
 *(.debug_loc)
 .debug_loc     0x00000000      0x65e display_funktionen.o
 .debug_loc     0x0000065e       0x83 Init1.o
 .debug_loc     0x000006e1       0x76 Keys.o
 .debug_loc     0x00000757      0x113 LED.o
 .debug_loc     0x0000086a       0x3b main.o
 .debug_loc     0x000008a5      0x671 MCP2515_HHN.o
 .debug_loc     0x00000f16      0x168 SPI.o
 .debug_loc     0x0000107e      0x14e Timer1.o
 .debug_loc     0x000011cc      0x14e Timer2.o
 .debug_loc     0x0000131a      0x38e TWI_ATMEGA.o
 .debug_loc     0x000016a8       0xbe WS2812.o

.debug_macinfo
 *(.debug_macinfo)

.debug_weaknames
 *(.debug_weaknames)

.debug_funcnames
 *(.debug_funcnames)

.debug_typenames
 *(.debug_typenames)

.debug_varnames
 *(.debug_varnames)

.debug_pubtypes
 *(.debug_pubtypes)

.debug_ranges   0x00000000      0x2e8
 *(.debug_ranges)
 .debug_ranges  0x00000000       0xd0 display_funktionen.o
 .debug_ranges  0x000000d0       0x18 Init1.o
 .debug_ranges  0x000000e8       0x18 Keys.o
 .debug_ranges  0x00000100       0x28 LED.o
 .debug_ranges  0x00000128       0x10 main.o
 .debug_ranges  0x00000138       0x90 MCP2515_HHN.o
 .debug_ranges  0x000001c8       0x30 SPI.o
 .debug_ranges  0x000001f8       0x30 Timer1.o
 .debug_ranges  0x00000228       0x30 Timer2.o
 .debug_ranges  0x00000258       0x70 TWI_ATMEGA.o
 .debug_ranges  0x000002c8       0x20 WS2812.o

.debug_macro
 *(.debug_macro)
OUTPUT(Heizkoerperthermostat.elf elf32-avr)
LOAD linker stubs
