Archive member included to satisfy reference by file (symbol)

c:/program files (x86)/atmel/studio/7.0/toolchain/avr8/avr8-gnu-toolchain/bin/../lib/gcc/avr/5.4.0/avr4\libgcc.a(_exit.o)
                              c:/program files (x86)/atmel/studio/7.0/toolchain/avr8/avr8-gnu-toolchain/bin/../lib/gcc/avr/5.4.0/../../../../avr/lib/avr4/crtatmega88pa.o (exit)
c:/program files (x86)/atmel/studio/7.0/toolchain/avr8/avr8-gnu-toolchain/bin/../lib/gcc/avr/5.4.0/avr4\libgcc.a(_copy_data.o)
                              display_funktionen.o (__do_copy_data)
c:/program files (x86)/atmel/studio/7.0/toolchain/avr8/avr8-gnu-toolchain/bin/../lib/gcc/avr/5.4.0/avr4\libgcc.a(_clear_bss.o)
                              MCP2515_HHN.o (__do_clear_bss)

Allocating common symbols
Common symbol       size              file

ucPin               0x1               WS2812.o
ucRxDataBuffer      0xd               MCP2515_HHN.o
ucTWSR_Register     0x1               TWI_ATMEGA.o
PtrLedNumber        0x2               WS2812.o
ucPort              0x1               WS2812.o
PtrColourList       0x2               WS2812.o
iTemperature        0x2               TMP75.o
ucDataBuffer        0xd               MCP2515_HHN.o
PtrPort             0x2               WS2812.o

Discarded input sections

 .data          0x00000000        0x0 c:/program files (x86)/atmel/studio/7.0/toolchain/avr8/avr8-gnu-toolchain/bin/../lib/gcc/avr/5.4.0/../../../../avr/lib/avr4/crtatmega88pa.o
 .bss           0x00000000        0x0 c:/program files (x86)/atmel/studio/7.0/toolchain/avr8/avr8-gnu-toolchain/bin/../lib/gcc/avr/5.4.0/../../../../avr/lib/avr4/crtatmega88pa.o
 .text          0x00000000        0x0 display_funktionen.o
 .data          0x00000000        0x0 display_funktionen.o
 .bss           0x00000000        0x0 display_funktionen.o
 .data.ucDataBit
                0x00000000        0x8 display_funktionen.o
 .data.ucRAM_OffsetAdresse
                0x00000000        0x4 display_funktionen.o
 .text.Display_HardwareInit
                0x00000000       0x16 display_funktionen.o
 .text.Display_delay
                0x00000000       0x7a display_funktionen.o
 .text.Display_Aus
                0x00000000       0x34 display_funktionen.o
 .text.Display_An
                0x00000000       0x22 display_funktionen.o
 .text.Display_RS_Output
                0x00000000       0x22 display_funktionen.o
 .text.Display_RS_High
                0x00000000       0x22 display_funktionen.o
 .text.Display_RS_Low
                0x00000000       0x22 display_funktionen.o
 .text.Display_EN_Output
                0x00000000       0x22 display_funktionen.o
 .text.Display_EN_High
                0x00000000       0x22 display_funktionen.o
 .text.Display_EN_Low
                0x00000000       0x22 display_funktionen.o
 .text.Display_DATA_Output
                0x00000000       0x22 display_funktionen.o
 .text.Display_DATA_BitHigh
                0x00000000       0x3e display_funktionen.o
 .text.Display_DATA_BitLow
                0x00000000       0x40 display_funktionen.o
 .text.Display_Clear
                0x00000000       0x24 display_funktionen.o
 .text.Display_ReturnHome
                0x00000000       0x24 display_funktionen.o
 .text.Display_ModeEntry
                0x00000000       0x2a display_funktionen.o
 .text.Display_Control
                0x00000000       0x2a display_funktionen.o
 .text.Display_CursorOrDisplayShift
                0x00000000       0x2a display_funktionen.o
 .text.Display_SetMPUInterface
                0x00000000       0x7c display_funktionen.o
 .text.Display_SetCursor
                0x00000000       0x4e display_funktionen.o
 .text.Display_Transfer4BitData
                0x00000000       0x70 display_funktionen.o
 .text.Display_Init
                0x00000000       0x36 display_funktionen.o
 .text.Display_Write
                0x00000000       0x2a display_funktionen.o
 .text.Display_Print
                0x00000000       0x50 display_funktionen.o
 .text.Display_GenerateNewChar
                0x00000000       0x7e display_funktionen.o
 .debug_info    0x00000000      0x8ca display_funktionen.o
 .debug_abbrev  0x00000000      0x161 display_funktionen.o
 .debug_loc     0x00000000      0xaf0 display_funktionen.o
 .debug_aranges
                0x00000000       0xe0 display_funktionen.o
 .debug_ranges  0x00000000       0xd0 display_funktionen.o
 .debug_line    0x00000000      0x5b9 display_funktionen.o
 .debug_str     0x00000000      0x3fe display_funktionen.o
 .comment       0x00000000       0x31 display_funktionen.o
 .debug_frame   0x00000000      0x334 display_funktionen.o
 .text          0x00000000        0x0 Init1.o
 .data          0x00000000        0x0 Init1.o
 .bss           0x00000000        0x0 Init1.o
 .debug_info    0x00000000       0x56 Init1.o
 .debug_abbrev  0x00000000       0x26 Init1.o
 .debug_aranges
                0x00000000       0x18 Init1.o
 .debug_line    0x00000000       0x1a Init1.o
 .debug_str     0x00000000      0x184 Init1.o
 .comment       0x00000000       0x31 Init1.o
 .text          0x00000000        0x0 LED.o
 .data          0x00000000        0x0 LED.o
 .bss           0x00000000        0x0 LED.o
 .text.LEDInit  0x00000000        0xe LED.o
 .text.LEDOn    0x00000000       0x18 LED.o
 .text.LEDOff   0x00000000       0x18 LED.o
 .text.LEDToggle
                0x00000000       0x1c LED.o
 .debug_info    0x00000000      0x103 LED.o
 .debug_abbrev  0x00000000       0x90 LED.o
 .debug_loc     0x00000000       0xae LED.o
 .debug_aranges
                0x00000000       0x38 LED.o
 .debug_ranges  0x00000000       0x28 LED.o
 .debug_line    0x00000000      0x11e LED.o
 .debug_str     0x00000000      0x1b4 LED.o
 .comment       0x00000000       0x31 LED.o
 .debug_frame   0x00000000       0x54 LED.o
 .text          0x00000000        0x0 main.o
 .data          0x00000000        0x0 main.o
 .bss           0x00000000        0x0 main.o
 .text          0x00000000        0x0 MCP2515_HHN.o
 .data          0x00000000        0x0 MCP2515_HHN.o
 .bss           0x00000000        0x0 MCP2515_HHN.o
 .text.MCP2515_Read_Reg
                0x00000000       0x76 MCP2515_HHN.o
 .text.MCP2515_Write_Reg
                0x00000000       0x6a MCP2515_HHN.o
 .text.MCP2515_Change_Reg
                0x00000000       0x5a MCP2515_HHN.o
 .text.MCP2515_Set_OpMode
                0x00000000       0x30 MCP2515_HHN.o
 .text.MCP2515_Change_ClkOut
                0x00000000       0x30 MCP2515_HHN.o
 .text.MCP2515_OneShotMode
                0x00000000       0x30 MCP2515_HHN.o
 .text.MCP2515_Set_Baudrate
                0x00000000       0x46 MCP2515_HHN.o
 .text.MCP2515_Init
                0x00000000       0x7e MCP2515_HHN.o
 .text.MCP2515_Read_Status
                0x00000000       0x50 MCP2515_HHN.o
 .text.MCP2515_Load_TXBuffer
                0x00000000       0x68 MCP2515_HHN.o
 .text.MCP2515_RequestToSend
                0x00000000       0x68 MCP2515_HHN.o
 .text.MCP2515_Send_Message
                0x00000000      0x190 MCP2515_HHN.o
 .text.MCP2515_Build_Filter_Frame
                0x00000000       0x84 MCP2515_HHN.o
 .text.MCP2515_Set_Filter_Mask
                0x00000000      0x19c MCP2515_HHN.o
 .text.MCP2515_Read_RxStatus
                0x00000000       0x50 MCP2515_HHN.o
 .text.MCP2515_Read_RxBuffer
                0x00000000       0x74 MCP2515_HHN.o
 .text.MCP2515_Check_Message
                0x00000000      0x168 MCP2515_HHN.o
 .data.ucMaskAddress
                0x00000000        0x2 MCP2515_HHN.o
 .data.ucFilterAddress
                0x00000000        0x6 MCP2515_HHN.o
 .data.ucBaudrate
                0x00000000       0x18 MCP2515_HHN.o
 .debug_info    0x00000000      0xe1c MCP2515_HHN.o
 .debug_abbrev  0x00000000      0x1b4 MCP2515_HHN.o
 .debug_loc     0x00000000      0xf99 MCP2515_HHN.o
 .debug_aranges
                0x00000000       0xa0 MCP2515_HHN.o
 .debug_ranges  0x00000000       0xa8 MCP2515_HHN.o
 .debug_line    0x00000000      0x6ad MCP2515_HHN.o
 .debug_str     0x00000000      0x5ed MCP2515_HHN.o
 .comment       0x00000000       0x31 MCP2515_HHN.o
 .debug_frame   0x00000000      0x374 MCP2515_HHN.o
 COMMON         0x00000000       0x1a MCP2515_HHN.o
 .text          0x00000000        0x0 Servo.o
 .data          0x00000000        0x0 Servo.o
 .bss           0x00000000        0x0 Servo.o
 .debug_line    0x00000000        0x0 Servo.o
 .debug_str     0x00000000      0x11d Servo.o
 .comment       0x00000000       0x31 Servo.o
 .text          0x00000000        0x0 SPI.o
 .data          0x00000000        0x0 SPI.o
 .bss           0x00000000        0x0 SPI.o
 .text.SPI_Master_Init
                0x00000000       0x32 SPI.o
 .text.SPI_Master_SlaveSelectInit
                0x00000000       0x52 SPI.o
 .text.SPI_Master_Start
                0x00000000       0x48 SPI.o
 .text.SPI_Master_Stop
                0x00000000       0x46 SPI.o
 .text.SPI_Master_Write
                0x00000000        0xc SPI.o
 .debug_info    0x00000000      0x1be SPI.o
 .debug_abbrev  0x00000000       0xd1 SPI.o
 .debug_loc     0x00000000      0x15a SPI.o
 .debug_aranges
                0x00000000       0x40 SPI.o
 .debug_ranges  0x00000000       0x30 SPI.o
 .debug_line    0x00000000      0x14b SPI.o
 .debug_str     0x00000000      0x25d SPI.o
 .comment       0x00000000       0x31 SPI.o
 .debug_frame   0x00000000       0x94 SPI.o
 .text          0x00000000        0x0 Timer2.o
 .data          0x00000000        0x0 Timer2.o
 .bss           0x00000000        0x0 Timer2.o
 .text.Check10msFlag
                0x00000000       0x10 Timer2.o
 .text.Check100msFlag
                0x00000000       0x10 Timer2.o
 .text.Check1sFlag
                0x00000000       0x10 Timer2.o
 .text.InitTimer2CTC
                0x00000000       0x1e Timer2.o
 .text          0x00000000        0x0 TMP75.o
 .data          0x00000000        0x0 TMP75.o
 .bss           0x00000000        0x0 TMP75.o
 .text.TMP75_Read_Temperature
                0x00000000       0xb0 TMP75.o
 .text.TMP75_Get_Temperature
                0x00000000        0xa TMP75.o
 .debug_info    0x00000000      0x1a2 TMP75.o
 .debug_abbrev  0x00000000       0xd4 TMP75.o
 .debug_loc     0x00000000      0x12c TMP75.o
 .debug_aranges
                0x00000000       0x28 TMP75.o
 .debug_ranges  0x00000000       0x18 TMP75.o
 .debug_line    0x00000000      0x164 TMP75.o
 .debug_str     0x00000000      0x266 TMP75.o
 .comment       0x00000000       0x31 TMP75.o
 .debug_frame   0x00000000       0x44 TMP75.o
 COMMON         0x00000000        0x2 TMP75.o
 .text          0x00000000        0x0 TWI.o
 .data          0x00000000        0x0 TWI.o
 .bss           0x00000000        0x0 TWI.o
 .debug_line    0x00000000        0x0 TWI.o
 .debug_str     0x00000000      0x11b TWI.o
 .comment       0x00000000       0x31 TWI.o
 .text          0x00000000        0x0 TWI_ATMEGA.o
 .data          0x00000000        0x0 TWI_ATMEGA.o
 .bss           0x00000000        0x0 TWI_ATMEGA.o
 .text.TWI_Master_Init
                0x00000000        0xc TWI_ATMEGA.o
 .text.TWI_Master_Start
                0x00000000       0x10 TWI_ATMEGA.o
 .text.TWI_Master_Stop
                0x00000000        0x8 TWI_ATMEGA.o
 .text.TWI_Master_Transmit
                0x00000000       0x14 TWI_ATMEGA.o
 .text.TWI_Master_Read_Ack
                0x00000000       0x14 TWI_ATMEGA.o
 .text.TWI_Master_Read_NAck
                0x00000000       0x14 TWI_ATMEGA.o
 .text.TWI_INT_Enable
                0x00000000        0xc TWI_ATMEGA.o
 .text.TWI_INT_Disable
                0x00000000        0xc TWI_ATMEGA.o
 .text.TWI_INT_Master_Transmit
                0x00000000        0xc TWI_ATMEGA.o
 .text.TWI_Get_State
                0x00000000       0x10 TWI_ATMEGA.o
 .text.TWI_Get_TWSRRegister
                0x00000000        0x6 TWI_ATMEGA.o
 .text.TWI_Set_ErrorFlag
                0x00000000        0x8 TWI_ATMEGA.o
 .bss.ucTWI_ErrorFlag
                0x00000000        0x1 TWI_ATMEGA.o
 .text          0x00000000        0x0 WS2812.o
 .data          0x00000000        0x0 WS2812.o
 .bss           0x00000000        0x0 WS2812.o
 .text.WS2812_Init
                0x00000000       0x24 WS2812.o
 .text.WS2812_set_off
                0x00000000       0x28 WS2812.o
 .text.WS2812_Set_Colour
                0x00000000      0x104 WS2812.o
 .debug_info    0x00000000      0x19c WS2812.o
 .debug_abbrev  0x00000000       0xd7 WS2812.o
 .debug_loc     0x00000000       0x6f WS2812.o
 .debug_aranges
                0x00000000       0x30 WS2812.o
 .debug_ranges  0x00000000       0x20 WS2812.o
 .debug_line    0x00000000      0x103 WS2812.o
 .debug_str     0x00000000      0x24a WS2812.o
 .comment       0x00000000       0x31 WS2812.o
 .debug_frame   0x00000000       0x54 WS2812.o
 COMMON         0x00000000        0x8 WS2812.o
 .text          0x00000000        0x0 c:/program files (x86)/atmel/studio/7.0/toolchain/avr8/avr8-gnu-toolchain/bin/../lib/gcc/avr/5.4.0/avr4\libgcc.a(_exit.o)
 .data          0x00000000        0x0 c:/program files (x86)/atmel/studio/7.0/toolchain/avr8/avr8-gnu-toolchain/bin/../lib/gcc/avr/5.4.0/avr4\libgcc.a(_exit.o)
 .bss           0x00000000        0x0 c:/program files (x86)/atmel/studio/7.0/toolchain/avr8/avr8-gnu-toolchain/bin/../lib/gcc/avr/5.4.0/avr4\libgcc.a(_exit.o)
 .text.libgcc.mul
                0x00000000        0x0 c:/program files (x86)/atmel/studio/7.0/toolchain/avr8/avr8-gnu-toolchain/bin/../lib/gcc/avr/5.4.0/avr4\libgcc.a(_exit.o)
 .text.libgcc.div
                0x00000000        0x0 c:/program files (x86)/atmel/studio/7.0/toolchain/avr8/avr8-gnu-toolchain/bin/../lib/gcc/avr/5.4.0/avr4\libgcc.a(_exit.o)
 .text.libgcc   0x00000000        0x0 c:/program files (x86)/atmel/studio/7.0/toolchain/avr8/avr8-gnu-toolchain/bin/../lib/gcc/avr/5.4.0/avr4\libgcc.a(_exit.o)
 .text.libgcc.prologue
                0x00000000        0x0 c:/program files (x86)/atmel/studio/7.0/toolchain/avr8/avr8-gnu-toolchain/bin/../lib/gcc/avr/5.4.0/avr4\libgcc.a(_exit.o)
 .text.libgcc.builtins
                0x00000000        0x0 c:/program files (x86)/atmel/studio/7.0/toolchain/avr8/avr8-gnu-toolchain/bin/../lib/gcc/avr/5.4.0/avr4\libgcc.a(_exit.o)
 .text.libgcc.fmul
                0x00000000        0x0 c:/program files (x86)/atmel/studio/7.0/toolchain/avr8/avr8-gnu-toolchain/bin/../lib/gcc/avr/5.4.0/avr4\libgcc.a(_exit.o)
 .text.libgcc.fixed
                0x00000000        0x0 c:/program files (x86)/atmel/studio/7.0/toolchain/avr8/avr8-gnu-toolchain/bin/../lib/gcc/avr/5.4.0/avr4\libgcc.a(_exit.o)
 .text          0x00000000        0x0 c:/program files (x86)/atmel/studio/7.0/toolchain/avr8/avr8-gnu-toolchain/bin/../lib/gcc/avr/5.4.0/avr4\libgcc.a(_copy_data.o)
 .data          0x00000000        0x0 c:/program files (x86)/atmel/studio/7.0/toolchain/avr8/avr8-gnu-toolchain/bin/../lib/gcc/avr/5.4.0/avr4\libgcc.a(_copy_data.o)
 .bss           0x00000000        0x0 c:/program files (x86)/atmel/studio/7.0/toolchain/avr8/avr8-gnu-toolchain/bin/../lib/gcc/avr/5.4.0/avr4\libgcc.a(_copy_data.o)
 .text.libgcc.mul
                0x00000000        0x0 c:/program files (x86)/atmel/studio/7.0/toolchain/avr8/avr8-gnu-toolchain/bin/../lib/gcc/avr/5.4.0/avr4\libgcc.a(_copy_data.o)
 .text.libgcc.div
                0x00000000        0x0 c:/program files (x86)/atmel/studio/7.0/toolchain/avr8/avr8-gnu-toolchain/bin/../lib/gcc/avr/5.4.0/avr4\libgcc.a(_copy_data.o)
 .text.libgcc   0x00000000        0x0 c:/program files (x86)/atmel/studio/7.0/toolchain/avr8/avr8-gnu-toolchain/bin/../lib/gcc/avr/5.4.0/avr4\libgcc.a(_copy_data.o)
 .text.libgcc.prologue
                0x00000000        0x0 c:/program files (x86)/atmel/studio/7.0/toolchain/avr8/avr8-gnu-toolchain/bin/../lib/gcc/avr/5.4.0/avr4\libgcc.a(_copy_data.o)
 .text.libgcc.builtins
                0x00000000        0x0 c:/program files (x86)/atmel/studio/7.0/toolchain/avr8/avr8-gnu-toolchain/bin/../lib/gcc/avr/5.4.0/avr4\libgcc.a(_copy_data.o)
 .text.libgcc.fmul
                0x00000000        0x0 c:/program files (x86)/atmel/studio/7.0/toolchain/avr8/avr8-gnu-toolchain/bin/../lib/gcc/avr/5.4.0/avr4\libgcc.a(_copy_data.o)
 .text.libgcc.fixed
                0x00000000        0x0 c:/program files (x86)/atmel/studio/7.0/toolchain/avr8/avr8-gnu-toolchain/bin/../lib/gcc/avr/5.4.0/avr4\libgcc.a(_copy_data.o)
 .text          0x00000000        0x0 c:/program files (x86)/atmel/studio/7.0/toolchain/avr8/avr8-gnu-toolchain/bin/../lib/gcc/avr/5.4.0/avr4\libgcc.a(_clear_bss.o)
 .data          0x00000000        0x0 c:/program files (x86)/atmel/studio/7.0/toolchain/avr8/avr8-gnu-toolchain/bin/../lib/gcc/avr/5.4.0/avr4\libgcc.a(_clear_bss.o)
 .bss           0x00000000        0x0 c:/program files (x86)/atmel/studio/7.0/toolchain/avr8/avr8-gnu-toolchain/bin/../lib/gcc/avr/5.4.0/avr4\libgcc.a(_clear_bss.o)
 .text.libgcc.mul
                0x00000000        0x0 c:/program files (x86)/atmel/studio/7.0/toolchain/avr8/avr8-gnu-toolchain/bin/../lib/gcc/avr/5.4.0/avr4\libgcc.a(_clear_bss.o)
 .text.libgcc.div
                0x00000000        0x0 c:/program files (x86)/atmel/studio/7.0/toolchain/avr8/avr8-gnu-toolchain/bin/../lib/gcc/avr/5.4.0/avr4\libgcc.a(_clear_bss.o)
 .text.libgcc   0x00000000        0x0 c:/program files (x86)/atmel/studio/7.0/toolchain/avr8/avr8-gnu-toolchain/bin/../lib/gcc/avr/5.4.0/avr4\libgcc.a(_clear_bss.o)
 .text.libgcc.prologue
                0x00000000        0x0 c:/program files (x86)/atmel/studio/7.0/toolchain/avr8/avr8-gnu-toolchain/bin/../lib/gcc/avr/5.4.0/avr4\libgcc.a(_clear_bss.o)
 .text.libgcc.builtins
                0x00000000        0x0 c:/program files (x86)/atmel/studio/7.0/toolchain/avr8/avr8-gnu-toolchain/bin/../lib/gcc/avr/5.4.0/avr4\libgcc.a(_clear_bss.o)
 .text.libgcc.fmul
                0x00000000        0x0 c:/program files (x86)/atmel/studio/7.0/toolchain/avr8/avr8-gnu-toolchain/bin/../lib/gcc/avr/5.4.0/avr4\libgcc.a(_clear_bss.o)
 .text.libgcc.fixed
                0x00000000        0x0 c:/program files (x86)/atmel/studio/7.0/toolchain/avr8/avr8-gnu-toolchain/bin/../lib/gcc/avr/5.4.0/avr4\libgcc.a(_clear_bss.o)

Memory Configuration

Name             Origin             Length             Attributes
text             0x00000000         0x00002000         xr
data             0x00800100         0x00000400         rw !x
eeprom           0x00810000         0x00000200         rw !x
fuse             0x00820000         0x00000003         rw !x
lock             0x00830000         0x00000400         rw !x
signature        0x00840000         0x00000400         rw !x
user_signatures  0x00850000         0x00000400         rw !x
*default*        0x00000000         0xffffffff

Linker script and memory map

Address of section .data set to 0x800100
LOAD c:/program files (x86)/atmel/studio/7.0/toolchain/avr8/avr8-gnu-toolchain/bin/../lib/gcc/avr/5.4.0/../../../../avr/lib/avr4/crtatmega88pa.o
LOAD display_funktionen.o
LOAD Init1.o
LOAD LED.o
LOAD main.o
LOAD MCP2515_HHN.o
LOAD Servo.o
LOAD SPI.o
LOAD Timer2.o
LOAD TMP75.o
LOAD TWI.o
LOAD TWI_ATMEGA.o
LOAD WS2812.o
START GROUP
LOAD c:/program files (x86)/atmel/studio/7.0/toolchain/avr8/avr8-gnu-toolchain/bin/../lib/gcc/avr/5.4.0/../../../../avr/lib/avr4\libm.a
END GROUP
START GROUP
LOAD c:/program files (x86)/atmel/studio/7.0/toolchain/avr8/avr8-gnu-toolchain/bin/../lib/gcc/avr/5.4.0/avr4\libgcc.a
LOAD c:/program files (x86)/atmel/studio/7.0/toolchain/avr8/avr8-gnu-toolchain/bin/../lib/gcc/avr/5.4.0/../../../../avr/lib/avr4\libm.a
LOAD c:/program files (x86)/atmel/studio/7.0/toolchain/avr8/avr8-gnu-toolchain/bin/../lib/gcc/avr/5.4.0/../../../../avr/lib/avr4\libc.a
LOAD c:/program files (x86)/atmel/studio/7.0/toolchain/avr8/avr8-gnu-toolchain/bin/../lib/gcc/avr/5.4.0/../../../../avr/lib/avr4\libatmega88pa.a
END GROUP
                0x00000000                __TEXT_REGION_ORIGIN__ = DEFINED (__TEXT_REGION_ORIGIN__)?__TEXT_REGION_ORIGIN__:0x0
                [0x00800100]                __DATA_REGION_ORIGIN__ = DEFINED (__DATA_REGION_ORIGIN__)?__DATA_REGION_ORIGIN__:0x800060
                [0x00002000]                __TEXT_REGION_LENGTH__ = DEFINED (__TEXT_REGION_LENGTH__)?__TEXT_REGION_LENGTH__:0x2000
                [0x00000400]                __DATA_REGION_LENGTH__ = DEFINED (__DATA_REGION_LENGTH__)?__DATA_REGION_LENGTH__:0xffa0
                [0x00000200]                __EEPROM_REGION_LENGTH__ = DEFINED (__EEPROM_REGION_LENGTH__)?__EEPROM_REGION_LENGTH__:0x10000
                [0x00000003]                __FUSE_REGION_LENGTH__ = DEFINED (__FUSE_REGION_LENGTH__)?__FUSE_REGION_LENGTH__:0x400
                0x00000400                __LOCK_REGION_LENGTH__ = DEFINED (__LOCK_REGION_LENGTH__)?__LOCK_REGION_LENGTH__:0x400
                0x00000400                __SIGNATURE_REGION_LENGTH__ = DEFINED (__SIGNATURE_REGION_LENGTH__)?__SIGNATURE_REGION_LENGTH__:0x400
                0x00000400                __USER_SIGNATURE_REGION_LENGTH__ = DEFINED (__USER_SIGNATURE_REGION_LENGTH__)?__USER_SIGNATURE_REGION_LENGTH__:0x400

.hash
 *(.hash)

.dynsym
 *(.dynsym)

.dynstr
 *(.dynstr)

.gnu.version
 *(.gnu.version)

.gnu.version_d
 *(.gnu.version_d)

.gnu.version_r
 *(.gnu.version_r)

.rel.init
 *(.rel.init)

.rela.init
 *(.rela.init)

.rel.text
 *(.rel.text)
 *(.rel.text.*)
 *(.rel.gnu.linkonce.t*)

.rela.text
 *(.rela.text)
 *(.rela.text.*)
 *(.rela.gnu.linkonce.t*)

.rel.fini
 *(.rel.fini)

.rela.fini
 *(.rela.fini)

.rel.rodata
 *(.rel.rodata)
 *(.rel.rodata.*)
 *(.rel.gnu.linkonce.r*)

.rela.rodata
 *(.rela.rodata)
 *(.rela.rodata.*)
 *(.rela.gnu.linkonce.r*)

.rel.data
 *(.rel.data)
 *(.rel.data.*)
 *(.rel.gnu.linkonce.d*)

.rela.data
 *(.rela.data)
 *(.rela.data.*)
 *(.rela.gnu.linkonce.d*)

.rel.ctors
 *(.rel.ctors)

.rela.ctors
 *(.rela.ctors)

.rel.dtors
 *(.rel.dtors)

.rela.dtors
 *(.rela.dtors)

.rel.got
 *(.rel.got)

.rela.got
 *(.rela.got)

.rel.bss
 *(.rel.bss)

.rela.bss
 *(.rela.bss)

.rel.plt
 *(.rel.plt)

.rela.plt
 *(.rela.plt)

.text           0x00000000       0xfa
 *(.vectors)
 .vectors       0x00000000       0x34 c:/program files (x86)/atmel/studio/7.0/toolchain/avr8/avr8-gnu-toolchain/bin/../lib/gcc/avr/5.4.0/../../../../avr/lib/avr4/crtatmega88pa.o
                0x00000000                __vector_default
                0x00000000                __vectors
 *(.vectors)
 *(.progmem.gcc*)
                0x00000034                . = ALIGN (0x2)
                0x00000034                __trampolines_start = .
 *(.trampolines)
 .trampolines   0x00000034        0x0 linker stubs
 *(.trampolines*)
                0x00000034                __trampolines_end = .
 *libprintf_flt.a:*(.progmem.data)
 *libc.a:*(.progmem.data)
 *(.progmem*)
                0x00000034                . = ALIGN (0x2)
 *(.jumptables)
 *(.jumptables*)
 *(.lowtext)
 *(.lowtext*)
                0x00000034                __ctors_start = .
 *(.ctors)
                0x00000034                __ctors_end = .
                0x00000034                __dtors_start = .
 *(.dtors)
                0x00000034                __dtors_end = .
 SORT(*)(.ctors)
 SORT(*)(.dtors)
 *(.init0)
 .init0         0x00000034        0x0 c:/program files (x86)/atmel/studio/7.0/toolchain/avr8/avr8-gnu-toolchain/bin/../lib/gcc/avr/5.4.0/../../../../avr/lib/avr4/crtatmega88pa.o
                0x00000034                __init
 *(.init0)
 *(.init1)
 *(.init1)
 *(.init2)
 .init2         0x00000034        0xc c:/program files (x86)/atmel/studio/7.0/toolchain/avr8/avr8-gnu-toolchain/bin/../lib/gcc/avr/5.4.0/../../../../avr/lib/avr4/crtatmega88pa.o
 *(.init2)
 *(.init3)
 *(.init3)
 *(.init4)
 .init4         0x00000040       0x16 c:/program files (x86)/atmel/studio/7.0/toolchain/avr8/avr8-gnu-toolchain/bin/../lib/gcc/avr/5.4.0/avr4\libgcc.a(_copy_data.o)
                0x00000040                __do_copy_data
 .init4         0x00000056       0x10 c:/program files (x86)/atmel/studio/7.0/toolchain/avr8/avr8-gnu-toolchain/bin/../lib/gcc/avr/5.4.0/avr4\libgcc.a(_clear_bss.o)
                0x00000056                __do_clear_bss
 *(.init4)
 *(.init5)
 *(.init5)
 *(.init6)
 *(.init6)
 *(.init7)
 *(.init7)
 *(.init8)
 *(.init8)
 *(.init9)
 .init9         0x00000066        0x4 c:/program files (x86)/atmel/studio/7.0/toolchain/avr8/avr8-gnu-toolchain/bin/../lib/gcc/avr/5.4.0/../../../../avr/lib/avr4/crtatmega88pa.o
 *(.init9)
 *(.text)
 .text          0x0000006a        0x2 c:/program files (x86)/atmel/studio/7.0/toolchain/avr8/avr8-gnu-toolchain/bin/../lib/gcc/avr/5.4.0/../../../../avr/lib/avr4/crtatmega88pa.o
                0x0000006a                __vector_22
                0x0000006a                __vector_1
                0x0000006a                __vector_12
                0x0000006a                __bad_interrupt
                0x0000006a                __vector_6
                0x0000006a                __vector_3
                0x0000006a                __vector_23
                0x0000006a                __vector_25
                0x0000006a                __vector_11
                0x0000006a                __vector_13
                0x0000006a                __vector_17
                0x0000006a                __vector_19
                0x0000006a                __vector_5
                0x0000006a                __vector_4
                0x0000006a                __vector_9
                0x0000006a                __vector_2
                0x0000006a                __vector_21
                0x0000006a                __vector_15
                0x0000006a                __vector_8
                0x0000006a                __vector_14
                0x0000006a                __vector_10
                0x0000006a                __vector_16
                0x0000006a                __vector_18
                0x0000006a                __vector_20
                0x0000006c                . = ALIGN (0x2)
 *(.text.*)
 .text.main     0x0000006c        0x2 main.o
                0x0000006c                main
 .text.__vector_7
                0x0000006e       0x4e Timer2.o
                0x0000006e                __vector_7
 .text.__vector_24
                0x000000bc       0x3a TWI_ATMEGA.o
                0x000000bc                __vector_24
                0x000000f6                . = ALIGN (0x2)
 *(.fini9)
 .fini9         0x000000f6        0x0 c:/program files (x86)/atmel/studio/7.0/toolchain/avr8/avr8-gnu-toolchain/bin/../lib/gcc/avr/5.4.0/avr4\libgcc.a(_exit.o)
                0x000000f6                _exit
                0x000000f6                exit
 *(.fini9)
 *(.fini8)
 *(.fini8)
 *(.fini7)
 *(.fini7)
 *(.fini6)
 *(.fini6)
 *(.fini5)
 *(.fini5)
 *(.fini4)
 *(.fini4)
 *(.fini3)
 *(.fini3)
 *(.fini2)
 *(.fini2)
 *(.fini1)
 *(.fini1)
 *(.fini0)
 .fini0         0x000000f6        0x4 c:/program files (x86)/atmel/studio/7.0/toolchain/avr8/avr8-gnu-toolchain/bin/../lib/gcc/avr/5.4.0/avr4\libgcc.a(_exit.o)
 *(.fini0)
                0x000000fa                _etext = .

.data           0x00800100        0x0 load address 0x000000fa
                0x00800100                PROVIDE (__data_start, .)
 *(.data)
 *(.data*)
 *(.gnu.linkonce.d*)
 *(.rodata)
 *(.rodata*)
 *(.gnu.linkonce.r*)
                0x00800100                . = ALIGN (0x2)
                0x00800100                _edata = .
                0x00800100                PROVIDE (__data_end, .)

.bss            0x00800100        0x7
                0x00800100                PROVIDE (__bss_start, .)
 *(.bss)
 *(.bss*)
 .bss.uc1sFlag  0x00800100        0x1 Timer2.o
                0x00800100                uc1sFlag
 .bss.uc100MsCnt
                0x00800101        0x1 Timer2.o
                0x00800101                uc100MsCnt
 .bss.uc10MsCnt
                0x00800102        0x1 Timer2.o
                0x00800102                uc10MsCnt
 .bss.uc100MsFlag
                0x00800103        0x1 Timer2.o
                0x00800103                uc100MsFlag
 .bss.uc10MsFlag
                0x00800104        0x1 Timer2.o
                0x00800104                uc10MsFlag
 .bss.ucTWI_INT_Flag
                0x00800105        0x1 TWI_ATMEGA.o
                0x00800105                ucTWI_INT_Flag
 *(COMMON)
 COMMON         0x00800106        0x1 TWI_ATMEGA.o
                0x00800106                ucTWSR_Register
                0x00800107                PROVIDE (__bss_end, .)
                0x000000fa                __data_load_start = LOADADDR (.data)
                0x000000fa                __data_load_end = (__data_load_start + SIZEOF (.data))

.noinit         0x00800107        0x0
                [!provide]                PROVIDE (__noinit_start, .)
 *(.noinit*)
                [!provide]                PROVIDE (__noinit_end, .)
                0x00800107                _end = .
                [!provide]                PROVIDE (__heap_start, .)

.eeprom         0x00810000        0x0
 *(.eeprom*)
                0x00810000                __eeprom_end = .

.fuse
 *(.fuse)
 *(.lfuse)
 *(.hfuse)
 *(.efuse)

.lock
 *(.lock*)

.signature
 *(.signature*)

.user_signatures
 *(.user_signatures*)

.stab
 *(.stab)

.stabstr
 *(.stabstr)

.stab.excl
 *(.stab.excl)

.stab.exclstr
 *(.stab.exclstr)

.stab.index
 *(.stab.index)

.stab.indexstr
 *(.stab.indexstr)

.comment        0x00000000       0x30
 *(.comment)
 .comment       0x00000000       0x30 main.o
                                 0x31 (size before relaxing)
 .comment       0x00000030       0x31 Timer2.o
 .comment       0x00000030       0x31 TWI_ATMEGA.o

.note.gnu.avr.deviceinfo
                0x00000000       0x40
 .note.gnu.avr.deviceinfo
                0x00000000       0x40 c:/program files (x86)/atmel/studio/7.0/toolchain/avr8/avr8-gnu-toolchain/bin/../lib/gcc/avr/5.4.0/../../../../avr/lib/avr4/crtatmega88pa.o

.note.gnu.build-id
 *(.note.gnu.build-id)

.debug
 *(.debug)

.line
 *(.line)

.debug_srcinfo
 *(.debug_srcinfo)

.debug_sfnames
 *(.debug_sfnames)

.debug_aranges  0x00000000       0xe0
 *(.debug_aranges)
 .debug_aranges
                0x00000000       0x20 main.o
 .debug_aranges
                0x00000020       0x40 Timer2.o
 .debug_aranges
                0x00000060       0x80 TWI_ATMEGA.o

.debug_pubnames
 *(.debug_pubnames)

.debug_info     0x00000000      0x9ba
 *(.debug_info .gnu.linkonce.wi.*)
 .debug_info    0x00000000      0x5f4 c:/program files (x86)/atmel/studio/7.0/toolchain/avr8/avr8-gnu-toolchain/bin/../lib/gcc/avr/5.4.0/../../../../avr/lib/avr4/crtatmega88pa.o
 .debug_info    0x000005f4       0x7d main.o
 .debug_info    0x00000671      0x13e Timer2.o
 .debug_info    0x000007af      0x20b TWI_ATMEGA.o

.debug_abbrev   0x00000000      0x749
 *(.debug_abbrev)
 .debug_abbrev  0x00000000      0x5a2 c:/program files (x86)/atmel/studio/7.0/toolchain/avr8/avr8-gnu-toolchain/bin/../lib/gcc/avr/5.4.0/../../../../avr/lib/avr4/crtatmega88pa.o
 .debug_abbrev  0x000005a2       0x49 main.o
 .debug_abbrev  0x000005eb       0x92 Timer2.o
 .debug_abbrev  0x0000067d       0xcc TWI_ATMEGA.o

.debug_line     0x00000000      0x408
 *(.debug_line .debug_line.* .debug_line_end)
 .debug_line    0x00000000       0x1a c:/program files (x86)/atmel/studio/7.0/toolchain/avr8/avr8-gnu-toolchain/bin/../lib/gcc/avr/5.4.0/../../../../avr/lib/avr4/crtatmega88pa.o
 .debug_line    0x0000001a       0x39 main.o
 .debug_line    0x00000053      0x179 Timer2.o
 .debug_line    0x000001cc      0x23c TWI_ATMEGA.o

.debug_frame    0x00000000      0x198
 *(.debug_frame)
 .debug_frame   0x00000000       0x24 main.o
 .debug_frame   0x00000024       0x74 Timer2.o
 .debug_frame   0x00000098      0x100 TWI_ATMEGA.o

.debug_str      0x00000000      0x523
 *(.debug_str)
 .debug_str     0x00000000      0x208 c:/program files (x86)/atmel/studio/7.0/toolchain/avr8/avr8-gnu-toolchain/bin/../lib/gcc/avr/5.4.0/../../../../avr/lib/avr4/crtatmega88pa.o
 .debug_str     0x00000208      0x154 main.o
                                0x188 (size before relaxing)
 .debug_str     0x0000035c       0x8d Timer2.o
                                0x204 (size before relaxing)
 .debug_str     0x000003e9      0x13a TWI_ATMEGA.o
                                0x2be (size before relaxing)

.debug_loc      0x00000000       0xec
 *(.debug_loc)
 .debug_loc     0x00000000       0x3c Timer2.o
 .debug_loc     0x0000003c       0xb0 TWI_ATMEGA.o

.debug_macinfo
 *(.debug_macinfo)

.debug_weaknames
 *(.debug_weaknames)

.debug_funcnames
 *(.debug_funcnames)

.debug_typenames
 *(.debug_typenames)

.debug_varnames
 *(.debug_varnames)

.debug_pubtypes
 *(.debug_pubtypes)

.debug_ranges   0x00000000       0xb0
 *(.debug_ranges)
 .debug_ranges  0x00000000       0x10 main.o
 .debug_ranges  0x00000010       0x30 Timer2.o
 .debug_ranges  0x00000040       0x70 TWI_ATMEGA.o

.debug_macro
 *(.debug_macro)
OUTPUT(Heizkoerperthermostat.elf elf32-avr)
LOAD linker stubs
