Archive member included to satisfy reference by file (symbol)

c:/program files (x86)/atmel/studio/7.0/toolchain/avr8/avr8-gnu-toolchain/bin/../lib/gcc/avr/5.4.0/avr4\libgcc.a(_udivmodhi4.o)
                              Init1.o (__udivmodhi4)
c:/program files (x86)/atmel/studio/7.0/toolchain/avr8/avr8-gnu-toolchain/bin/../lib/gcc/avr/5.4.0/avr4\libgcc.a(_divmodhi4.o)
                              display_funktionen.o (__divmodhi4)
c:/program files (x86)/atmel/studio/7.0/toolchain/avr8/avr8-gnu-toolchain/bin/../lib/gcc/avr/5.4.0/avr4\libgcc.a(_exit.o)
                              C:/Program Files (x86)/Atmel/Studio/7.0/Packs/atmel/ATmega_DFP/1.6.364/gcc/dev/atmega88pa/avr4/crtatmega88pa.o (exit)
c:/program files (x86)/atmel/studio/7.0/toolchain/avr8/avr8-gnu-toolchain/bin/../lib/gcc/avr/5.4.0/avr4\libgcc.a(_copy_data.o)
                              display_funktionen.o (__do_copy_data)
c:/program files (x86)/atmel/studio/7.0/toolchain/avr8/avr8-gnu-toolchain/bin/../lib/gcc/avr/5.4.0/avr4\libgcc.a(_clear_bss.o)
                              Keys.o (__do_clear_bss)

Allocating common symbols
Common symbol       size              file

ucPin               0x1               WS2812.o
ucRxDataBuffer      0xd               MCP2515_HHN.o
iActualTemp         0x2               main.o
ucTWSR_Register     0x1               TWI_ATMEGA.o
ucS3_old            0x1               Keys.o
ucS1_old            0x1               Keys.o
PtrLedNumber        0x2               WS2812.o
ucPort              0x1               WS2812.o
PtrColourList       0x2               WS2812.o
iTemperature        0x2               TMP75.o
ucDataBuffer        0xd               MCP2515_HHN.o
sSendFrame          0xf               main.o
PtrPort             0x2               WS2812.o
sRecFrame           0xf               main.o
ucS2_old            0x1               Keys.o

Discarded input sections

 .data          0x00000000        0x0 C:/Program Files (x86)/Atmel/Studio/7.0/Packs/atmel/ATmega_DFP/1.6.364/gcc/dev/atmega88pa/avr4/crtatmega88pa.o
 .bss           0x00000000        0x0 C:/Program Files (x86)/Atmel/Studio/7.0/Packs/atmel/ATmega_DFP/1.6.364/gcc/dev/atmega88pa/avr4/crtatmega88pa.o
 .text          0x00000000        0x0 Controller.o
 .data          0x00000000        0x0 Controller.o
 .bss           0x00000000        0x0 Controller.o
 .text          0x00000000        0x0 display_funktionen.o
 .data          0x00000000        0x0 display_funktionen.o
 .bss           0x00000000        0x0 display_funktionen.o
 .text.Display_ReturnHome
                0x00000000       0x24 display_funktionen.o
 .text.Display_CursorOrDisplayShift
                0x00000000       0x2a display_funktionen.o
 .text.Display_GenerateNewChar
                0x00000000       0x7e display_funktionen.o
 .text          0x00000000        0x0 Init1.o
 .data          0x00000000        0x0 Init1.o
 .bss           0x00000000        0x0 Init1.o
 .text.HexToAscii
                0x00000000       0x78 Init1.o
 .text          0x00000000        0x0 Keys.o
 .data          0x00000000        0x0 Keys.o
 .bss           0x00000000        0x0 Keys.o
 .data.ucS1_new
                0x00000000        0x1 Keys.o
 .data.ucS2_new
                0x00000000        0x1 Keys.o
 .data.ucS3_new
                0x00000000        0x1 Keys.o
 .text.keys_get_state
                0x00000000       0x8e Keys.o
 COMMON         0x00000000        0x3 Keys.o
 .text          0x00000000        0x0 LED.o
 .data          0x00000000        0x0 LED.o
 .bss           0x00000000        0x0 LED.o
 .text.LED_rd_on
                0x00000000       0x22 LED.o
 .text.LED_rd_off
                0x00000000       0x22 LED.o
 .text.LED_rd_toggle
                0x00000000       0x24 LED.o
 .text          0x00000000        0x0 main.o
 .data          0x00000000        0x0 main.o
 .bss           0x00000000        0x0 main.o
 .text          0x00000000        0x0 MCP2515_HHN.o
 .data          0x00000000        0x0 MCP2515_HHN.o
 .bss           0x00000000        0x0 MCP2515_HHN.o
 .data.ucFilterAddress
                0x00000000        0x6 MCP2515_HHN.o
 .data.ucMaskAddress
                0x00000000        0x2 MCP2515_HHN.o
 .text.MCP2515_Read_Reg
                0x00000000       0x9a MCP2515_HHN.o
 .text.MCP2515_OneShotMode
                0x00000000       0x52 MCP2515_HHN.o
 .text.MCP2515_Set_Filter_Mask
                0x00000000      0x228 MCP2515_HHN.o
 .text.MCP2515_Build_Filter_Frame
                0x00000000       0xf6 MCP2515_HHN.o
 .text          0x00000000        0x0 Servo.o
 .data          0x00000000        0x0 Servo.o
 .bss           0x00000000        0x0 Servo.o
 .text          0x00000000        0x0 SPI.o
 .data          0x00000000        0x0 SPI.o
 .bss           0x00000000        0x0 SPI.o
 .text          0x00000000        0x0 Timer1.o
 .data          0x00000000        0x0 Timer1.o
 .bss           0x00000000        0x0 Timer1.o
 .text.Timer1_get_10msState
                0x00000000       0x20 Timer1.o
 .text          0x00000000        0x0 Timer2.o
 .data          0x00000000        0x0 Timer2.o
 .bss           0x00000000        0x0 Timer2.o
 .text.Check10msFlag
                0x00000000       0x20 Timer2.o
 .text.Check100msFlag
                0x00000000       0x20 Timer2.o
 .text.Check1sFlag
                0x00000000       0x20 Timer2.o
 .text.InitTimer2CTC
                0x00000000       0x40 Timer2.o
 .text          0x00000000        0x0 TMP75.o
 .data          0x00000000        0x0 TMP75.o
 .bss           0x00000000        0x0 TMP75.o
 .text          0x00000000        0x0 TWI_ATMEGA.o
 .data          0x00000000        0x0 TWI_ATMEGA.o
 .bss           0x00000000        0x0 TWI_ATMEGA.o
 .bss.ucTWI_ErrorFlag
                0x00000000        0x1 TWI_ATMEGA.o
 .text.TWI_INT_Enable
                0x00000000       0x22 TWI_ATMEGA.o
 .text.TWI_INT_Disable
                0x00000000       0x22 TWI_ATMEGA.o
 .text.TWI_INT_Master_Transmit
                0x00000000       0x2a TWI_ATMEGA.o
 .text.TWI_Get_State
                0x00000000       0x20 TWI_ATMEGA.o
 .text.TWI_Get_TWSRRegister
                0x00000000       0x12 TWI_ATMEGA.o
 .text.TWI_Set_ErrorFlag
                0x00000000       0x16 TWI_ATMEGA.o
 .text          0x00000000        0x0 WS2812.o
 .data          0x00000000        0x0 WS2812.o
 .bss           0x00000000        0x0 WS2812.o
 .text.WS2812_set_off
                0x00000000       0x44 WS2812.o
 .text          0x00000000        0x0 c:/program files (x86)/atmel/studio/7.0/toolchain/avr8/avr8-gnu-toolchain/bin/../lib/gcc/avr/5.4.0/avr4\libgcc.a(_udivmodhi4.o)
 .data          0x00000000        0x0 c:/program files (x86)/atmel/studio/7.0/toolchain/avr8/avr8-gnu-toolchain/bin/../lib/gcc/avr/5.4.0/avr4\libgcc.a(_udivmodhi4.o)
 .bss           0x00000000        0x0 c:/program files (x86)/atmel/studio/7.0/toolchain/avr8/avr8-gnu-toolchain/bin/../lib/gcc/avr/5.4.0/avr4\libgcc.a(_udivmodhi4.o)
 .text.libgcc.mul
                0x00000000        0x0 c:/program files (x86)/atmel/studio/7.0/toolchain/avr8/avr8-gnu-toolchain/bin/../lib/gcc/avr/5.4.0/avr4\libgcc.a(_udivmodhi4.o)
 .text.libgcc   0x00000000        0x0 c:/program files (x86)/atmel/studio/7.0/toolchain/avr8/avr8-gnu-toolchain/bin/../lib/gcc/avr/5.4.0/avr4\libgcc.a(_udivmodhi4.o)
 .text.libgcc.prologue
                0x00000000        0x0 c:/program files (x86)/atmel/studio/7.0/toolchain/avr8/avr8-gnu-toolchain/bin/../lib/gcc/avr/5.4.0/avr4\libgcc.a(_udivmodhi4.o)
 .text.libgcc.builtins
                0x00000000        0x0 c:/program files (x86)/atmel/studio/7.0/toolchain/avr8/avr8-gnu-toolchain/bin/../lib/gcc/avr/5.4.0/avr4\libgcc.a(_udivmodhi4.o)
 .text.libgcc.fmul
                0x00000000        0x0 c:/program files (x86)/atmel/studio/7.0/toolchain/avr8/avr8-gnu-toolchain/bin/../lib/gcc/avr/5.4.0/avr4\libgcc.a(_udivmodhi4.o)
 .text.libgcc.fixed
                0x00000000        0x0 c:/program files (x86)/atmel/studio/7.0/toolchain/avr8/avr8-gnu-toolchain/bin/../lib/gcc/avr/5.4.0/avr4\libgcc.a(_udivmodhi4.o)
 .text          0x00000000        0x0 c:/program files (x86)/atmel/studio/7.0/toolchain/avr8/avr8-gnu-toolchain/bin/../lib/gcc/avr/5.4.0/avr4\libgcc.a(_divmodhi4.o)
 .data          0x00000000        0x0 c:/program files (x86)/atmel/studio/7.0/toolchain/avr8/avr8-gnu-toolchain/bin/../lib/gcc/avr/5.4.0/avr4\libgcc.a(_divmodhi4.o)
 .bss           0x00000000        0x0 c:/program files (x86)/atmel/studio/7.0/toolchain/avr8/avr8-gnu-toolchain/bin/../lib/gcc/avr/5.4.0/avr4\libgcc.a(_divmodhi4.o)
 .text.libgcc.mul
                0x00000000        0x0 c:/program files (x86)/atmel/studio/7.0/toolchain/avr8/avr8-gnu-toolchain/bin/../lib/gcc/avr/5.4.0/avr4\libgcc.a(_divmodhi4.o)
 .text.libgcc   0x00000000        0x0 c:/program files (x86)/atmel/studio/7.0/toolchain/avr8/avr8-gnu-toolchain/bin/../lib/gcc/avr/5.4.0/avr4\libgcc.a(_divmodhi4.o)
 .text.libgcc.prologue
                0x00000000        0x0 c:/program files (x86)/atmel/studio/7.0/toolchain/avr8/avr8-gnu-toolchain/bin/../lib/gcc/avr/5.4.0/avr4\libgcc.a(_divmodhi4.o)
 .text.libgcc.builtins
                0x00000000        0x0 c:/program files (x86)/atmel/studio/7.0/toolchain/avr8/avr8-gnu-toolchain/bin/../lib/gcc/avr/5.4.0/avr4\libgcc.a(_divmodhi4.o)
 .text.libgcc.fmul
                0x00000000        0x0 c:/program files (x86)/atmel/studio/7.0/toolchain/avr8/avr8-gnu-toolchain/bin/../lib/gcc/avr/5.4.0/avr4\libgcc.a(_divmodhi4.o)
 .text.libgcc.fixed
                0x00000000        0x0 c:/program files (x86)/atmel/studio/7.0/toolchain/avr8/avr8-gnu-toolchain/bin/../lib/gcc/avr/5.4.0/avr4\libgcc.a(_divmodhi4.o)
 .text          0x00000000        0x0 c:/program files (x86)/atmel/studio/7.0/toolchain/avr8/avr8-gnu-toolchain/bin/../lib/gcc/avr/5.4.0/avr4\libgcc.a(_exit.o)
 .data          0x00000000        0x0 c:/program files (x86)/atmel/studio/7.0/toolchain/avr8/avr8-gnu-toolchain/bin/../lib/gcc/avr/5.4.0/avr4\libgcc.a(_exit.o)
 .bss           0x00000000        0x0 c:/program files (x86)/atmel/studio/7.0/toolchain/avr8/avr8-gnu-toolchain/bin/../lib/gcc/avr/5.4.0/avr4\libgcc.a(_exit.o)
 .text.libgcc.mul
                0x00000000        0x0 c:/program files (x86)/atmel/studio/7.0/toolchain/avr8/avr8-gnu-toolchain/bin/../lib/gcc/avr/5.4.0/avr4\libgcc.a(_exit.o)
 .text.libgcc.div
                0x00000000        0x0 c:/program files (x86)/atmel/studio/7.0/toolchain/avr8/avr8-gnu-toolchain/bin/../lib/gcc/avr/5.4.0/avr4\libgcc.a(_exit.o)
 .text.libgcc   0x00000000        0x0 c:/program files (x86)/atmel/studio/7.0/toolchain/avr8/avr8-gnu-toolchain/bin/../lib/gcc/avr/5.4.0/avr4\libgcc.a(_exit.o)
 .text.libgcc.prologue
                0x00000000        0x0 c:/program files (x86)/atmel/studio/7.0/toolchain/avr8/avr8-gnu-toolchain/bin/../lib/gcc/avr/5.4.0/avr4\libgcc.a(_exit.o)
 .text.libgcc.builtins
                0x00000000        0x0 c:/program files (x86)/atmel/studio/7.0/toolchain/avr8/avr8-gnu-toolchain/bin/../lib/gcc/avr/5.4.0/avr4\libgcc.a(_exit.o)
 .text.libgcc.fmul
                0x00000000        0x0 c:/program files (x86)/atmel/studio/7.0/toolchain/avr8/avr8-gnu-toolchain/bin/../lib/gcc/avr/5.4.0/avr4\libgcc.a(_exit.o)
 .text.libgcc.fixed
                0x00000000        0x0 c:/program files (x86)/atmel/studio/7.0/toolchain/avr8/avr8-gnu-toolchain/bin/../lib/gcc/avr/5.4.0/avr4\libgcc.a(_exit.o)
 .text          0x00000000        0x0 c:/program files (x86)/atmel/studio/7.0/toolchain/avr8/avr8-gnu-toolchain/bin/../lib/gcc/avr/5.4.0/avr4\libgcc.a(_copy_data.o)
 .data          0x00000000        0x0 c:/program files (x86)/atmel/studio/7.0/toolchain/avr8/avr8-gnu-toolchain/bin/../lib/gcc/avr/5.4.0/avr4\libgcc.a(_copy_data.o)
 .bss           0x00000000        0x0 c:/program files (x86)/atmel/studio/7.0/toolchain/avr8/avr8-gnu-toolchain/bin/../lib/gcc/avr/5.4.0/avr4\libgcc.a(_copy_data.o)
 .text.libgcc.mul
                0x00000000        0x0 c:/program files (x86)/atmel/studio/7.0/toolchain/avr8/avr8-gnu-toolchain/bin/../lib/gcc/avr/5.4.0/avr4\libgcc.a(_copy_data.o)
 .text.libgcc.div
                0x00000000        0x0 c:/program files (x86)/atmel/studio/7.0/toolchain/avr8/avr8-gnu-toolchain/bin/../lib/gcc/avr/5.4.0/avr4\libgcc.a(_copy_data.o)
 .text.libgcc   0x00000000        0x0 c:/program files (x86)/atmel/studio/7.0/toolchain/avr8/avr8-gnu-toolchain/bin/../lib/gcc/avr/5.4.0/avr4\libgcc.a(_copy_data.o)
 .text.libgcc.prologue
                0x00000000        0x0 c:/program files (x86)/atmel/studio/7.0/toolchain/avr8/avr8-gnu-toolchain/bin/../lib/gcc/avr/5.4.0/avr4\libgcc.a(_copy_data.o)
 .text.libgcc.builtins
                0x00000000        0x0 c:/program files (x86)/atmel/studio/7.0/toolchain/avr8/avr8-gnu-toolchain/bin/../lib/gcc/avr/5.4.0/avr4\libgcc.a(_copy_data.o)
 .text.libgcc.fmul
                0x00000000        0x0 c:/program files (x86)/atmel/studio/7.0/toolchain/avr8/avr8-gnu-toolchain/bin/../lib/gcc/avr/5.4.0/avr4\libgcc.a(_copy_data.o)
 .text.libgcc.fixed
                0x00000000        0x0 c:/program files (x86)/atmel/studio/7.0/toolchain/avr8/avr8-gnu-toolchain/bin/../lib/gcc/avr/5.4.0/avr4\libgcc.a(_copy_data.o)
 .text          0x00000000        0x0 c:/program files (x86)/atmel/studio/7.0/toolchain/avr8/avr8-gnu-toolchain/bin/../lib/gcc/avr/5.4.0/avr4\libgcc.a(_clear_bss.o)
 .data          0x00000000        0x0 c:/program files (x86)/atmel/studio/7.0/toolchain/avr8/avr8-gnu-toolchain/bin/../lib/gcc/avr/5.4.0/avr4\libgcc.a(_clear_bss.o)
 .bss           0x00000000        0x0 c:/program files (x86)/atmel/studio/7.0/toolchain/avr8/avr8-gnu-toolchain/bin/../lib/gcc/avr/5.4.0/avr4\libgcc.a(_clear_bss.o)
 .text.libgcc.mul
                0x00000000        0x0 c:/program files (x86)/atmel/studio/7.0/toolchain/avr8/avr8-gnu-toolchain/bin/../lib/gcc/avr/5.4.0/avr4\libgcc.a(_clear_bss.o)
 .text.libgcc.div
                0x00000000        0x0 c:/program files (x86)/atmel/studio/7.0/toolchain/avr8/avr8-gnu-toolchain/bin/../lib/gcc/avr/5.4.0/avr4\libgcc.a(_clear_bss.o)
 .text.libgcc   0x00000000        0x0 c:/program files (x86)/atmel/studio/7.0/toolchain/avr8/avr8-gnu-toolchain/bin/../lib/gcc/avr/5.4.0/avr4\libgcc.a(_clear_bss.o)
 .text.libgcc.prologue
                0x00000000        0x0 c:/program files (x86)/atmel/studio/7.0/toolchain/avr8/avr8-gnu-toolchain/bin/../lib/gcc/avr/5.4.0/avr4\libgcc.a(_clear_bss.o)
 .text.libgcc.builtins
                0x00000000        0x0 c:/program files (x86)/atmel/studio/7.0/toolchain/avr8/avr8-gnu-toolchain/bin/../lib/gcc/avr/5.4.0/avr4\libgcc.a(_clear_bss.o)
 .text.libgcc.fmul
                0x00000000        0x0 c:/program files (x86)/atmel/studio/7.0/toolchain/avr8/avr8-gnu-toolchain/bin/../lib/gcc/avr/5.4.0/avr4\libgcc.a(_clear_bss.o)
 .text.libgcc.fixed
                0x00000000        0x0 c:/program files (x86)/atmel/studio/7.0/toolchain/avr8/avr8-gnu-toolchain/bin/../lib/gcc/avr/5.4.0/avr4\libgcc.a(_clear_bss.o)

Memory Configuration

Name             Origin             Length             Attributes
text             0x00000000         0x00002000         xr
data             0x00800100         0x00000400         rw !x
eeprom           0x00810000         0x00000200         rw !x
fuse             0x00820000         0x00000003         rw !x
lock             0x00830000         0x00000400         rw !x
signature        0x00840000         0x00000400         rw !x
user_signatures  0x00850000         0x00000400         rw !x
*default*        0x00000000         0xffffffff

Linker script and memory map

Address of section .data set to 0x800100
LOAD C:/Program Files (x86)/Atmel/Studio/7.0/Packs/atmel/ATmega_DFP/1.6.364/gcc/dev/atmega88pa/avr4/crtatmega88pa.o
LOAD Controller.o
LOAD display_funktionen.o
LOAD Init1.o
LOAD Keys.o
LOAD LED.o
LOAD main.o
LOAD MCP2515_HHN.o
LOAD Servo.o
LOAD SPI.o
LOAD Timer1.o
LOAD Timer2.o
LOAD TMP75.o
LOAD TWI_ATMEGA.o
LOAD WS2812.o
START GROUP
LOAD c:/program files (x86)/atmel/studio/7.0/toolchain/avr8/avr8-gnu-toolchain/bin/../lib/gcc/avr/5.4.0/../../../../avr/lib/avr4\libm.a
END GROUP
START GROUP
LOAD c:/program files (x86)/atmel/studio/7.0/toolchain/avr8/avr8-gnu-toolchain/bin/../lib/gcc/avr/5.4.0/avr4\libgcc.a
LOAD c:/program files (x86)/atmel/studio/7.0/toolchain/avr8/avr8-gnu-toolchain/bin/../lib/gcc/avr/5.4.0/../../../../avr/lib/avr4\libm.a
LOAD c:/program files (x86)/atmel/studio/7.0/toolchain/avr8/avr8-gnu-toolchain/bin/../lib/gcc/avr/5.4.0/../../../../avr/lib/avr4\libc.a
LOAD C:/Program Files (x86)/Atmel/Studio/7.0/Packs/atmel/ATmega_DFP/1.6.364/gcc/dev/atmega88pa/avr4\libatmega88pa.a
END GROUP
                0x00000000                __TEXT_REGION_ORIGIN__ = DEFINED (__TEXT_REGION_ORIGIN__)?__TEXT_REGION_ORIGIN__:0x0
                [0x00800100]                __DATA_REGION_ORIGIN__ = DEFINED (__DATA_REGION_ORIGIN__)?__DATA_REGION_ORIGIN__:0x800060
                [0x00002000]                __TEXT_REGION_LENGTH__ = DEFINED (__TEXT_REGION_LENGTH__)?__TEXT_REGION_LENGTH__:0x2000
                [0x00000400]                __DATA_REGION_LENGTH__ = DEFINED (__DATA_REGION_LENGTH__)?__DATA_REGION_LENGTH__:0xffa0
                [0x00000200]                __EEPROM_REGION_LENGTH__ = DEFINED (__EEPROM_REGION_LENGTH__)?__EEPROM_REGION_LENGTH__:0x10000
                [0x00000003]                __FUSE_REGION_LENGTH__ = DEFINED (__FUSE_REGION_LENGTH__)?__FUSE_REGION_LENGTH__:0x400
                0x00000400                __LOCK_REGION_LENGTH__ = DEFINED (__LOCK_REGION_LENGTH__)?__LOCK_REGION_LENGTH__:0x400
                0x00000400                __SIGNATURE_REGION_LENGTH__ = DEFINED (__SIGNATURE_REGION_LENGTH__)?__SIGNATURE_REGION_LENGTH__:0x400
                0x00000400                __USER_SIGNATURE_REGION_LENGTH__ = DEFINED (__USER_SIGNATURE_REGION_LENGTH__)?__USER_SIGNATURE_REGION_LENGTH__:0x400

.hash
 *(.hash)

.dynsym
 *(.dynsym)

.dynstr
 *(.dynstr)

.gnu.version
 *(.gnu.version)

.gnu.version_d
 *(.gnu.version_d)

.gnu.version_r
 *(.gnu.version_r)

.rel.init
 *(.rel.init)

.rela.init
 *(.rela.init)

.rel.text
 *(.rel.text)
 *(.rel.text.*)
 *(.rel.gnu.linkonce.t*)

.rela.text
 *(.rela.text)
 *(.rela.text.*)
 *(.rela.gnu.linkonce.t*)

.rel.fini
 *(.rel.fini)

.rela.fini
 *(.rela.fini)

.rel.rodata
 *(.rel.rodata)
 *(.rel.rodata.*)
 *(.rel.gnu.linkonce.r*)

.rela.rodata
 *(.rela.rodata)
 *(.rela.rodata.*)
 *(.rela.gnu.linkonce.r*)

.rel.data
 *(.rel.data)
 *(.rel.data.*)
 *(.rel.gnu.linkonce.d*)

.rela.data
 *(.rela.data)
 *(.rela.data.*)
 *(.rela.gnu.linkonce.d*)

.rel.ctors
 *(.rel.ctors)

.rela.ctors
 *(.rela.ctors)

.rel.dtors
 *(.rel.dtors)

.rela.dtors
 *(.rela.dtors)

.rel.got
 *(.rel.got)

.rela.got
 *(.rela.got)

.rel.bss
 *(.rel.bss)

.rela.bss
 *(.rela.bss)

.rel.plt
 *(.rel.plt)

.rela.plt
 *(.rela.plt)

.text           0x00000000     0x1cdc
 *(.vectors)
 .vectors       0x00000000       0x34 C:/Program Files (x86)/Atmel/Studio/7.0/Packs/atmel/ATmega_DFP/1.6.364/gcc/dev/atmega88pa/avr4/crtatmega88pa.o
                0x00000000                __vector_default
                0x00000000                __vectors
 *(.vectors)
 *(.progmem.gcc*)
                0x00000034                . = ALIGN (0x2)
                0x00000034                __trampolines_start = .
 *(.trampolines)
 .trampolines   0x00000034        0x0 linker stubs
 *(.trampolines*)
                0x00000034                __trampolines_end = .
 *libprintf_flt.a:*(.progmem.data)
 *libc.a:*(.progmem.data)
 *(.progmem*)
                0x00000034                . = ALIGN (0x2)
 *(.jumptables)
 *(.jumptables*)
 *(.lowtext)
 *(.lowtext*)
                0x00000034                __ctors_start = .
 *(.ctors)
                0x00000034                __ctors_end = .
                0x00000034                __dtors_start = .
 *(.dtors)
                0x00000034                __dtors_end = .
 SORT(*)(.ctors)
 SORT(*)(.dtors)
 *(.init0)
 .init0         0x00000034        0x0 C:/Program Files (x86)/Atmel/Studio/7.0/Packs/atmel/ATmega_DFP/1.6.364/gcc/dev/atmega88pa/avr4/crtatmega88pa.o
                0x00000034                __init
 *(.init0)
 *(.init1)
 *(.init1)
 *(.init2)
 .init2         0x00000034        0xc C:/Program Files (x86)/Atmel/Studio/7.0/Packs/atmel/ATmega_DFP/1.6.364/gcc/dev/atmega88pa/avr4/crtatmega88pa.o
 *(.init2)
 *(.init3)
 *(.init3)
 *(.init4)
 .init4         0x00000040       0x16 c:/program files (x86)/atmel/studio/7.0/toolchain/avr8/avr8-gnu-toolchain/bin/../lib/gcc/avr/5.4.0/avr4\libgcc.a(_copy_data.o)
                0x00000040                __do_copy_data
 .init4         0x00000056       0x10 c:/program files (x86)/atmel/studio/7.0/toolchain/avr8/avr8-gnu-toolchain/bin/../lib/gcc/avr/5.4.0/avr4\libgcc.a(_clear_bss.o)
                0x00000056                __do_clear_bss
 *(.init4)
 *(.init5)
 *(.init5)
 *(.init6)
 *(.init6)
 *(.init7)
 *(.init7)
 *(.init8)
 *(.init8)
 *(.init9)
 .init9         0x00000066        0x4 C:/Program Files (x86)/Atmel/Studio/7.0/Packs/atmel/ATmega_DFP/1.6.364/gcc/dev/atmega88pa/avr4/crtatmega88pa.o
 *(.init9)
 *(.text)
 .text          0x0000006a        0x2 C:/Program Files (x86)/Atmel/Studio/7.0/Packs/atmel/ATmega_DFP/1.6.364/gcc/dev/atmega88pa/avr4/crtatmega88pa.o
                0x0000006a                __vector_22
                0x0000006a                __vector_1
                0x0000006a                __vector_12
                0x0000006a                __bad_interrupt
                0x0000006a                __vector_6
                0x0000006a                __vector_3
                0x0000006a                __vector_23
                0x0000006a                __vector_25
                0x0000006a                __vector_13
                0x0000006a                __vector_17
                0x0000006a                __vector_19
                0x0000006a                __vector_5
                0x0000006a                __vector_4
                0x0000006a                __vector_9
                0x0000006a                __vector_2
                0x0000006a                __vector_21
                0x0000006a                __vector_15
                0x0000006a                __vector_8
                0x0000006a                __vector_14
                0x0000006a                __vector_10
                0x0000006a                __vector_16
                0x0000006a                __vector_18
                0x0000006a                __vector_20
                0x0000006c                . = ALIGN (0x2)
 *(.text.*)
 .text.TempController
                0x0000006c      0x140 Controller.o
                0x0000006c                TempController
 .text.Display_HardwareInit
                0x000001ac       0x16 display_funktionen.o
                0x000001ac                Display_HardwareInit
 .text.Display_delay
                0x000001c2       0x7a display_funktionen.o
                0x000001c2                Display_delay
 .text.Display_Aus
                0x0000023c       0x34 display_funktionen.o
                0x0000023c                Display_Aus
 .text.Display_An
                0x00000270       0x22 display_funktionen.o
                0x00000270                Display_An
 .text.Display_RS_Output
                0x00000292       0x22 display_funktionen.o
                0x00000292                Display_RS_Output
 .text.Display_RS_High
                0x000002b4       0x22 display_funktionen.o
                0x000002b4                Display_RS_High
 .text.Display_RS_Low
                0x000002d6       0x22 display_funktionen.o
                0x000002d6                Display_RS_Low
 .text.Display_EN_Output
                0x000002f8       0x22 display_funktionen.o
                0x000002f8                Display_EN_Output
 .text.Display_EN_High
                0x0000031a       0x22 display_funktionen.o
                0x0000031a                Display_EN_High
 .text.Display_EN_Low
                0x0000033c       0x22 display_funktionen.o
                0x0000033c                Display_EN_Low
 .text.Display_DATA_Output
                0x0000035e       0x22 display_funktionen.o
                0x0000035e                Display_DATA_Output
 .text.Display_DATA_BitHigh
                0x00000380       0x3e display_funktionen.o
                0x00000380                Display_DATA_BitHigh
 .text.Display_DATA_BitLow
                0x000003be       0x40 display_funktionen.o
                0x000003be                Display_DATA_BitLow
 .text.Display_Clear
                0x000003fe       0x24 display_funktionen.o
                0x000003fe                Display_Clear
 .text.Display_ModeEntry
                0x00000422       0x2a display_funktionen.o
                0x00000422                Display_ModeEntry
 .text.Display_Control
                0x0000044c       0x2a display_funktionen.o
                0x0000044c                Display_Control
 .text.Display_SetMPUInterface
                0x00000476       0x7c display_funktionen.o
                0x00000476                Display_SetMPUInterface
 .text.Display_SetCursor
                0x000004f2       0x4e display_funktionen.o
                0x000004f2                Display_SetCursor
 .text.Display_Transfer4BitData
                0x00000540       0x70 display_funktionen.o
                0x00000540                Display_Transfer4BitData
 .text.Display_Init
                0x000005b0       0x36 display_funktionen.o
                0x000005b0                Display_Init
 .text.Display_Write
                0x000005e6       0x2a display_funktionen.o
                0x000005e6                Display_Write
 .text.Display_Print
                0x00000610       0x50 display_funktionen.o
                0x00000610                Display_Print
 .text.Display_Output
                0x00000660      0x15c display_funktionen.o
                0x00000660                Display_Output
 .text.GerneralInit
                0x000007bc       0x7e Init1.o
                0x000007bc                GerneralInit
 .text.keys_Init
                0x0000083a       0x22 Keys.o
                0x0000083a                keys_Init
 .text.LED_Init
                0x0000085c       0x22 LED.o
                0x0000085c                LED_Init
 .text.main     0x0000087e      0x1aa main.o
                0x0000087e                main
 .text.MCP2515_Init
                0x00000a28       0x8e MCP2515_HHN.o
                0x00000a28                MCP2515_Init
 .text.MCP2515_Write_Reg
                0x00000ab6       0x92 MCP2515_HHN.o
                0x00000ab6                MCP2515_Write_Reg
 .text.MCP2515_Change_Reg
                0x00000b48       0x6e MCP2515_HHN.o
                0x00000b48                MCP2515_Change_Reg
 .text.MCP2515_Set_OpMode
                0x00000bb6       0x52 MCP2515_HHN.o
                0x00000bb6                MCP2515_Set_OpMode
 .text.MCP2515_Change_ClkOut
                0x00000c08       0x52 MCP2515_HHN.o
                0x00000c08                MCP2515_Change_ClkOut
 .text.MCP2515_Set_Baudrate
                0x00000c5a       0x6a MCP2515_HHN.o
                0x00000c5a                MCP2515_Set_Baudrate
 .text.MCP2515_Read_Status
                0x00000cc4       0x62 MCP2515_HHN.o
                0x00000cc4                MCP2515_Read_Status
 .text.MCP2515_Load_TXBuffer
                0x00000d26       0x94 MCP2515_HHN.o
                0x00000d26                MCP2515_Load_TXBuffer
 .text.MCP2515_Send_Message
                0x00000dba      0x268 MCP2515_HHN.o
                0x00000dba                MCP2515_Send_Message
 .text.MCP2515_RequestToSend
                0x00001022       0x6e MCP2515_HHN.o
                0x00001022                MCP2515_RequestToSend
 .text.MCP2515_Read_RxStatus
                0x00001090       0x62 MCP2515_HHN.o
                0x00001090                MCP2515_Read_RxStatus
 .text.MCP2515_Check_Message
                0x000010f2      0x2a2 MCP2515_HHN.o
                0x000010f2                MCP2515_Check_Message
 .text.MCP2515_Read_RxBuffer
                0x00001394       0x9c MCP2515_HHN.o
                0x00001394                MCP2515_Read_RxBuffer
 .text.Servo_Init
                0x00001430       0x42 Servo.o
                0x00001430                Servo_Init
 .text.Servo_Step
                0x00001472       0x2c Servo.o
                0x00001472                Servo_Step
 .text.SPI_Master_Init
                0x0000149e       0x92 SPI.o
                0x0000149e                SPI_Master_Init
 .text.SPI_Master_SlaveSelectInit
                0x00001530       0x7e SPI.o
                0x00001530                SPI_Master_SlaveSelectInit
 .text.SPI_Master_Start
                0x000015ae       0x58 SPI.o
                0x000015ae                SPI_Master_Start
 .text.SPI_Master_Stop
                0x00001606       0x56 SPI.o
                0x00001606                SPI_Master_Stop
 .text.SPI_Master_Write
                0x0000165c       0x34 SPI.o
                0x0000165c                SPI_Master_Write
 .text.Timer1_Init
                0x00001690       0x52 Timer1.o
                0x00001690                Timer1_Init
 .text.__vector_11
                0x000016e2       0x68 Timer1.o
                0x000016e2                __vector_11
 .text.Timer1_get_1sState
                0x0000174a       0x20 Timer1.o
                0x0000174a                Timer1_get_1sState
 .text.Timer1_get_100msState
                0x0000176a       0x20 Timer1.o
                0x0000176a                Timer1_get_100msState
 .text.__vector_7
                0x0000178a       0x68 Timer2.o
                0x0000178a                __vector_7
 .text.TMP75_Read_Temperature
                0x000017f2      0x118 TMP75.o
                0x000017f2                TMP75_Read_Temperature
 .text.TMP75_Get_Temperature
                0x0000190a       0x7c TMP75.o
                0x0000190a                TMP75_Get_Temperature
 .text.TWI_Master_Init
                0x00001986       0x2a TWI_ATMEGA.o
                0x00001986                TWI_Master_Init
 .text.TWI_Master_Start
                0x000019b0       0x28 TWI_ATMEGA.o
                0x000019b0                TWI_Master_Start
 .text.TWI_Master_Stop
                0x000019d8       0x1a TWI_ATMEGA.o
                0x000019d8                TWI_Master_Stop
 .text.TWI_Master_Transmit
                0x000019f2       0x38 TWI_ATMEGA.o
                0x000019f2                TWI_Master_Transmit
 .text.TWI_Master_Read_Ack
                0x00001a2a       0x2e TWI_ATMEGA.o
                0x00001a2a                TWI_Master_Read_Ack
 .text.TWI_Master_Read_NAck
                0x00001a58       0x2e TWI_ATMEGA.o
                0x00001a58                TWI_Master_Read_NAck
 .text.__vector_24
                0x00001a86       0x64 TWI_ATMEGA.o
                0x00001a86                __vector_24
 .text.WS2812_Init
                0x00001aea       0x42 WS2812.o
                0x00001aea                WS2812_Init
 .text.WS2812_Set_Colour
                0x00001b2c      0x12e WS2812.o
                0x00001b2c                WS2812_Set_Colour
 .text.WS2812_Step
                0x00001c5a       0x30 WS2812.o
                0x00001c5a                WS2812_Step
 .text.libgcc.div
                0x00001c8a       0x28 c:/program files (x86)/atmel/studio/7.0/toolchain/avr8/avr8-gnu-toolchain/bin/../lib/gcc/avr/5.4.0/avr4\libgcc.a(_udivmodhi4.o)
                0x00001c8a                __udivmodhi4
 .text.libgcc.div
                0x00001cb2       0x26 c:/program files (x86)/atmel/studio/7.0/toolchain/avr8/avr8-gnu-toolchain/bin/../lib/gcc/avr/5.4.0/avr4\libgcc.a(_divmodhi4.o)
                0x00001cb2                _div
                0x00001cb2                __divmodhi4
                0x00001cd8                . = ALIGN (0x2)
 *(.fini9)
 .fini9         0x00001cd8        0x0 c:/program files (x86)/atmel/studio/7.0/toolchain/avr8/avr8-gnu-toolchain/bin/../lib/gcc/avr/5.4.0/avr4\libgcc.a(_exit.o)
                0x00001cd8                _exit
                0x00001cd8                exit
 *(.fini9)
 *(.fini8)
 *(.fini8)
 *(.fini7)
 *(.fini7)
 *(.fini6)
 *(.fini6)
 *(.fini5)
 *(.fini5)
 *(.fini4)
 *(.fini4)
 *(.fini3)
 *(.fini3)
 *(.fini2)
 *(.fini2)
 *(.fini1)
 *(.fini1)
 *(.fini0)
 .fini0         0x00001cd8        0x4 c:/program files (x86)/atmel/studio/7.0/toolchain/avr8/avr8-gnu-toolchain/bin/../lib/gcc/avr/5.4.0/avr4\libgcc.a(_exit.o)
 *(.fini0)
                0x00001cdc                _etext = .

.data           0x00800100       0x6c load address 0x00001cdc
                0x00800100                PROVIDE (__data_start, .)
 *(.data)
 *(.data*)
 .data.ucDataBit
                0x00800100        0x8 display_funktionen.o
                0x00800100                ucDataBit
 .data.ucRAM_OffsetAdresse
                0x00800108        0x4 display_funktionen.o
                0x00800108                ucRAM_OffsetAdresse
 .data.WS2812_1
                0x0080010c        0x5 main.o
                0x0080010c                WS2812_1
 .data.MCP2515_1
                0x00800111        0x6 main.o
                0x00800111                MCP2515_1
 .data.ucH      0x00800117        0x1 main.o
                0x00800117                ucH
 .data.iTargetTemp
                0x00800118        0x2 main.o
                0x00800118                iTargetTemp
 .data.ucBaudrate
                0x0080011a       0x18 MCP2515_HHN.o
                0x0080011a                ucBaudrate
 .data.ucServoPosition
                0x00800132        0x6 Servo.o
                0x00800132                ucServoPosition
 .data.ucdevice_address
                0x00800138        0x1 TMP75.o
                0x00800138                ucdevice_address
 .data.uColor   0x00800139       0x12 WS2812.o
                0x00800139                uColor
 *(.gnu.linkonce.d*)
 *(.rodata)
 .rodata        0x0080014b       0x20 display_funktionen.o
 *(.rodata*)
 *(.gnu.linkonce.r*)
                0x0080016c                . = ALIGN (0x2)
 *fill*         0x0080016b        0x1 
                0x0080016c                _edata = .
                0x0080016c                PROVIDE (__data_end, .)

.bss            0x0080016c       0x53
                0x0080016c                PROVIDE (__bss_start, .)
 *(.bss)
 *(.bss*)
 .bss.ucStep    0x0080016c        0x1 main.o
                0x0080016c                ucStep
 .bss.ucStepOld
                0x0080016d        0x1 main.o
                0x0080016d                ucStepOld
 .bss.ucFlag10ms
                0x0080016e        0x1 Timer1.o
                0x0080016e                ucFlag10ms
 .bss.ucCNt_1s  0x0080016f        0x1 Timer1.o
                0x0080016f                ucCNt_1s
 .bss.ucFlag_1s
                0x00800170        0x1 Timer1.o
                0x00800170                ucFlag_1s
 .bss.ucCNt_100ms
                0x00800171        0x1 Timer1.o
                0x00800171                ucCNt_100ms
 .bss.ucFlag_100ms
                0x00800172        0x1 Timer1.o
                0x00800172                ucFlag_100ms
 .bss.uc10MsFlag
                0x00800173        0x1 Timer2.o
                0x00800173                uc10MsFlag
 .bss.uc100MsFlag
                0x00800174        0x1 Timer2.o
                0x00800174                uc100MsFlag
 .bss.uc10MsCnt
                0x00800175        0x1 Timer2.o
                0x00800175                uc10MsCnt
 .bss.uc100MsCnt
                0x00800176        0x1 Timer2.o
                0x00800176                uc100MsCnt
 .bss.uc1sFlag  0x00800177        0x1 Timer2.o
                0x00800177                uc1sFlag
 .bss.uctemp2read
                0x00800178        0x1 TMP75.o
                0x00800178                uctemp2read
 .bss.ucTWI_INT_Flag
                0x00800179        0x1 TWI_ATMEGA.o
                0x00800179                ucTWI_INT_Flag
 *(COMMON)
 COMMON         0x0080017a       0x20 main.o
                0x0080017a                iActualTemp
                0x0080017c                sSendFrame
                0x0080018b                sRecFrame
 COMMON         0x0080019a       0x1a MCP2515_HHN.o
                0x0080019a                ucRxDataBuffer
                0x008001a7                ucDataBuffer
 COMMON         0x008001b4        0x2 TMP75.o
                0x008001b4                iTemperature
 COMMON         0x008001b6        0x1 TWI_ATMEGA.o
                0x008001b6                ucTWSR_Register
 COMMON         0x008001b7        0x8 WS2812.o
                0x008001b7                ucPin
                0x008001b8                PtrLedNumber
                0x008001ba                ucPort
                0x008001bb                PtrColourList
                0x008001bd                PtrPort
                0x008001bf                PROVIDE (__bss_end, .)
                0x00001cdc                __data_load_start = LOADADDR (.data)
                0x00001d48                __data_load_end = (__data_load_start + SIZEOF (.data))

.noinit         0x008001bf        0x0
                [!provide]                PROVIDE (__noinit_start, .)
 *(.noinit*)
                [!provide]                PROVIDE (__noinit_end, .)
                0x008001bf                _end = .
                [!provide]                PROVIDE (__heap_start, .)

.eeprom         0x00810000        0x0
 *(.eeprom*)
                0x00810000                __eeprom_end = .

.fuse
 *(.fuse)
 *(.lfuse)
 *(.hfuse)
 *(.efuse)

.lock
 *(.lock*)

.signature
 *(.signature*)

.user_signatures
 *(.user_signatures*)

.stab
 *(.stab)

.stabstr
 *(.stabstr)

.stab.excl
 *(.stab.excl)

.stab.exclstr
 *(.stab.exclstr)

.stab.index
 *(.stab.index)

.stab.indexstr
 *(.stab.indexstr)

.comment        0x00000000       0x30
 *(.comment)
 .comment       0x00000000       0x30 Controller.o
                                 0x31 (size before relaxing)
 .comment       0x00000030       0x31 display_funktionen.o
 .comment       0x00000030       0x31 Init1.o
 .comment       0x00000030       0x31 Keys.o
 .comment       0x00000030       0x31 LED.o
 .comment       0x00000030       0x31 main.o
 .comment       0x00000030       0x31 MCP2515_HHN.o
 .comment       0x00000030       0x31 Servo.o
 .comment       0x00000030       0x31 SPI.o
 .comment       0x00000030       0x31 Timer1.o
 .comment       0x00000030       0x31 Timer2.o
 .comment       0x00000030       0x31 TMP75.o
 .comment       0x00000030       0x31 TWI_ATMEGA.o
 .comment       0x00000030       0x31 WS2812.o

.note.gnu.avr.deviceinfo
                0x00000000       0x40
 .note.gnu.avr.deviceinfo
                0x00000000       0x40 C:/Program Files (x86)/Atmel/Studio/7.0/Packs/atmel/ATmega_DFP/1.6.364/gcc/dev/atmega88pa/avr4/crtatmega88pa.o

.note.gnu.build-id
 *(.note.gnu.build-id)

.debug
 *(.debug)

.line
 *(.line)

.debug_srcinfo
 *(.debug_srcinfo)

.debug_sfnames
 *(.debug_sfnames)

.debug_aranges  0x00000000      0x418
 *(.debug_aranges)
 .debug_aranges
                0x00000000       0x20 Controller.o
 .debug_aranges
                0x00000020       0xe8 display_funktionen.o
 .debug_aranges
                0x00000108       0x28 Init1.o
 .debug_aranges
                0x00000130       0x28 Keys.o
 .debug_aranges
                0x00000158       0x38 LED.o
 .debug_aranges
                0x00000190       0x20 main.o
 .debug_aranges
                0x000001b0       0xa0 MCP2515_HHN.o
 .debug_aranges
                0x00000250       0x28 Servo.o
 .debug_aranges
                0x00000278       0x40 SPI.o
 .debug_aranges
                0x000002b8       0x40 Timer1.o
 .debug_aranges
                0x000002f8       0x40 Timer2.o
 .debug_aranges
                0x00000338       0x28 TMP75.o
 .debug_aranges
                0x00000360       0x80 TWI_ATMEGA.o
 .debug_aranges
                0x000003e0       0x38 WS2812.o

.debug_pubnames
 *(.debug_pubnames)

.debug_info     0x00000000     0x250d
 *(.debug_info .gnu.linkonce.wi.*)
 .debug_info    0x00000000      0x5f4 C:/Program Files (x86)/Atmel/Studio/7.0/Packs/atmel/ATmega_DFP/1.6.364/gcc/dev/atmega88pa/avr4/crtatmega88pa.o
 .debug_info    0x000005f4       0xc3 Controller.o
 .debug_info    0x000006b7      0x524 display_funktionen.o
 .debug_info    0x00000bdb      0x186 Init1.o
 .debug_info    0x00000d61      0x109 Keys.o
 .debug_info    0x00000e6a       0xc5 LED.o
 .debug_info    0x00000f2f      0x291 main.o
 .debug_info    0x000011c0      0x93f MCP2515_HHN.o
 .debug_info    0x00001aff       0xd5 Servo.o
 .debug_info    0x00001bd4      0x1bb SPI.o
 .debug_info    0x00001d8f      0x141 Timer1.o
 .debug_info    0x00001ed0      0x13e Timer2.o
 .debug_info    0x0000200e      0x106 TMP75.o
 .debug_info    0x00002114      0x20a TWI_ATMEGA.o
 .debug_info    0x0000231e      0x1ef WS2812.o

.debug_abbrev   0x00000000      0xfa0
 *(.debug_abbrev)
 .debug_abbrev  0x00000000      0x5a2 C:/Program Files (x86)/Atmel/Studio/7.0/Packs/atmel/ATmega_DFP/1.6.364/gcc/dev/atmega88pa/avr4/crtatmega88pa.o
 .debug_abbrev  0x000005a2       0x64 Controller.o
 .debug_abbrev  0x00000606      0x16d display_funktionen.o
 .debug_abbrev  0x00000773       0xbf Init1.o
 .debug_abbrev  0x00000832       0x7c Keys.o
 .debug_abbrev  0x000008ae       0x51 LED.o
 .debug_abbrev  0x000008ff       0xed main.o
 .debug_abbrev  0x000009ec      0x151 MCP2515_HHN.o
 .debug_abbrev  0x00000b3d       0x9d Servo.o
 .debug_abbrev  0x00000bda       0xa8 SPI.o
 .debug_abbrev  0x00000c82       0x7c Timer1.o
 .debug_abbrev  0x00000cfe       0x7a Timer2.o
 .debug_abbrev  0x00000d78       0x8f TMP75.o
 .debug_abbrev  0x00000e07       0xa5 TWI_ATMEGA.o
 .debug_abbrev  0x00000eac       0xf4 WS2812.o

.debug_line     0x00000000     0x1e99
 *(.debug_line .debug_line.* .debug_line_end)
 .debug_line    0x00000000      0x133 C:/Program Files (x86)/Atmel/Studio/7.0/Packs/atmel/ATmega_DFP/1.6.364/gcc/dev/atmega88pa/avr4/crtatmega88pa.o
 .debug_line    0x00000133       0xc9 Controller.o
 .debug_line    0x000001fc      0x65a display_funktionen.o
 .debug_line    0x00000856       0xdf Init1.o
 .debug_line    0x00000935      0x12f Keys.o
 .debug_line    0x00000a64       0xfc LED.o
 .debug_line    0x00000b60      0x179 main.o
 .debug_line    0x00000cd9      0x71d MCP2515_HHN.o
 .debug_line    0x000013f6       0xd6 Servo.o
 .debug_line    0x000014cc      0x159 SPI.o
 .debug_line    0x00001625      0x19a Timer1.o
 .debug_line    0x000017bf      0x191 Timer2.o
 .debug_line    0x00001950      0x191 TMP75.o
 .debug_line    0x00001ae1      0x28c TWI_ATMEGA.o
 .debug_line    0x00001d6d      0x12c WS2812.o

.debug_frame    0x00000000      0xd30
 *(.debug_frame)
 .debug_frame   0x00000000       0x34 Controller.o
 .debug_frame   0x00000034      0x354 display_funktionen.o
 .debug_frame   0x00000388       0x54 Init1.o
 .debug_frame   0x000003dc       0x54 Keys.o
 .debug_frame   0x00000430       0x94 LED.o
 .debug_frame   0x000004c4       0x34 main.o
 .debug_frame   0x000004f8      0x2ec MCP2515_HHN.o
 .debug_frame   0x000007e4       0x54 Servo.o
 .debug_frame   0x00000838       0xb4 SPI.o
 .debug_frame   0x000008ec       0xc0 Timer1.o
 .debug_frame   0x000009ac       0xc0 Timer2.o
 .debug_frame   0x00000a6c       0x54 TMP75.o
 .debug_frame   0x00000ac0      0x1dc TWI_ATMEGA.o
 .debug_frame   0x00000c9c       0x94 WS2812.o

.debug_str      0x00000000     0x108d
 *(.debug_str)
 .debug_str     0x00000000      0x208 C:/Program Files (x86)/Atmel/Studio/7.0/Packs/atmel/ATmega_DFP/1.6.364/gcc/dev/atmega88pa/avr4/crtatmega88pa.o
 .debug_str     0x00000208      0x196 Controller.o
                                0x1ca (size before relaxing)
 .debug_str     0x0000039e      0x2a9 display_funktionen.o
                                0x437 (size before relaxing)
 .debug_str     0x00000647       0xed Init1.o
                                0x211 (size before relaxing)
 .debug_str     0x00000734       0x51 Keys.o
                                0x1da (size before relaxing)
 .debug_str     0x00000785       0x2e LED.o
                                0x1b6 (size before relaxing)
 .debug_str     0x000007b3      0x11c main.o
                                0x2a6 (size before relaxing)
 .debug_str     0x000008cf      0x38d MCP2515_HHN.o
                                0x590 (size before relaxing)
 .debug_str     0x00000c5c       0x33 Servo.o
                                0x1c6 (size before relaxing)
 .debug_str     0x00000c8f       0xb4 SPI.o
                                0x25d (size before relaxing)
 .debug_str     0x00000d43       0x8f Timer1.o
                                0x21a (size before relaxing)
 .debug_str     0x00000dd2       0x85 Timer2.o
                                0x204 (size before relaxing)
 .debug_str     0x00000e57       0x89 TMP75.o
                                0x208 (size before relaxing)
 .debug_str     0x00000ee0      0x117 TWI_ATMEGA.o
                                0x2be (size before relaxing)
 .debug_str     0x00000ff7       0x96 WS2812.o
                                0x26d (size before relaxing)

.debug_loc      0x00000000     0x1934
 *(.debug_loc)
 .debug_loc     0x00000000       0x47 Controller.o
 .debug_loc     0x00000047      0x6a5 display_funktionen.o
 .debug_loc     0x000006ec       0x8f Init1.o
 .debug_loc     0x0000077b       0x76 Keys.o
 .debug_loc     0x000007f1       0xec LED.o
 .debug_loc     0x000008dd       0x48 main.o
 .debug_loc     0x00000925      0x671 MCP2515_HHN.o
 .debug_loc     0x00000f96       0x83 Servo.o
 .debug_loc     0x00001019      0x168 SPI.o
 .debug_loc     0x00001181      0x14e Timer1.o
 .debug_loc     0x000012cf      0x14e Timer2.o
 .debug_loc     0x0000141d       0x83 TMP75.o
 .debug_loc     0x000014a0      0x38e TWI_ATMEGA.o
 .debug_loc     0x0000182e      0x106 WS2812.o

.debug_macinfo
 *(.debug_macinfo)

.debug_weaknames
 *(.debug_weaknames)

.debug_funcnames
 *(.debug_funcnames)

.debug_typenames
 *(.debug_typenames)

.debug_varnames
 *(.debug_varnames)

.debug_pubtypes
 *(.debug_pubtypes)

.debug_ranges   0x00000000      0x338
 *(.debug_ranges)
 .debug_ranges  0x00000000       0x10 Controller.o
 .debug_ranges  0x00000010       0xd8 display_funktionen.o
 .debug_ranges  0x000000e8       0x18 Init1.o
 .debug_ranges  0x00000100       0x18 Keys.o
 .debug_ranges  0x00000118       0x28 LED.o
 .debug_ranges  0x00000140       0x10 main.o
 .debug_ranges  0x00000150       0x90 MCP2515_HHN.o
 .debug_ranges  0x000001e0       0x18 Servo.o
 .debug_ranges  0x000001f8       0x30 SPI.o
 .debug_ranges  0x00000228       0x30 Timer1.o
 .debug_ranges  0x00000258       0x30 Timer2.o
 .debug_ranges  0x00000288       0x18 TMP75.o
 .debug_ranges  0x000002a0       0x70 TWI_ATMEGA.o
 .debug_ranges  0x00000310       0x28 WS2812.o

.debug_macro
 *(.debug_macro)
OUTPUT(Heizkoerperthermostat.elf elf32-avr)
LOAD linker stubs
